     VMA      LMA     Size Align Out     In      Symbol
       0        0        0     1 RAM_START = 0x20000000
       0        0        0     1 RAM_LENGTH = 0x00080000
       0        0        0     1 FLASH_START = 0x00000000
       0        0        0     1 FLASH_LENGTH = 0x00200000
       0        0        0     1 DATA_FLASH_START = 0x08000000
       0        0        0     1 DATA_FLASH_LENGTH = 0x00002000
       0        0        0     1 QSPI_FLASH_START = 0x60000000
       0        0        0     1 QSPI_FLASH_LENGTH = 0x04000000
       0        0        0     1 OSPI0_CS0_START = 0x68000000
       0        0        0     1 OSPI0_CS0_LENGTH = 0x08000000
       0        0        0     1 OSPI0_CS1_START = 0x70000000
       0        0        0     1 OSPI0_CS1_LENGTH = 0x10000000
       0        0        0     1 OPTION_SETTING_OFS0_START = 0x0100a100
       0        0        0     1 OPTION_SETTING_OFS0_LENGTH = 0x00000004
       0        0        0     1 OPTION_SETTING_DUALSEL_START = 0x0100a110
       0        0        0     1 OPTION_SETTING_DUALSEL_LENGTH = 0x00000004
       0        0        0     1 OPTION_SETTING_OFS1_START = 0x0100a180
       0        0        0     1 OPTION_SETTING_OFS1_LENGTH = 0x00000004
       0        0        0     1 OPTION_SETTING_BANKSEL_START = 0x0100a190
       0        0        0     1 OPTION_SETTING_BANKSEL_LENGTH = 0x00000004
       0        0        0     1 OPTION_SETTING_BPS_START = 0x0100a1c0
       0        0        0     1 OPTION_SETTING_BPS_LENGTH = 0x00000010
       0        0        0     1 OPTION_SETTING_PBPS_START = 0x0100a1e0
       0        0        0     1 OPTION_SETTING_PBPS_LENGTH = 0x00000010
       0        0        0     1 OPTION_SETTING_OFS1_SEC_START = 0x0100a200
       0        0        0     1 OPTION_SETTING_OFS1_SEC_LENGTH = 0x00000004
       0        0        0     1 OPTION_SETTING_BANKSEL_SEC_START = 0x0100a210
       0        0        0     1 OPTION_SETTING_BANKSEL_SEC_LENGTH = 0x00000004
       0        0        0     1 OPTION_SETTING_BPS_SEC_START = 0x0100a240
       0        0        0     1 OPTION_SETTING_BPS_SEC_LENGTH = 0x00000010
       0        0        0     1 OPTION_SETTING_PBPS_SEC_START = 0x0100a260
       0        0        0     1 OPTION_SETTING_PBPS_SEC_LENGTH = 0x00000010
       0        0        0     1 OPTION_SETTING_OFS1_SEL_START = 0x0100a280
       0        0        0     1 OPTION_SETTING_OFS1_SEL_LENGTH = 0x00000004
       0        0        0     1 OPTION_SETTING_BANKSEL_SEL_START = 0x0100a290
       0        0        0     1 OPTION_SETTING_BANKSEL_SEL_LENGTH = 0x00000004
       0        0        0     1 OPTION_SETTING_BPS_SEL_START = 0x0100a2c0
       0        0        0     1 OPTION_SETTING_BPS_SEL_LENGTH = 0x00000010
60000000 60000000        0     1 .qspi_flash.startof
60000000 60000000        0     1         __ddsc_QSPI_FLASH_START = .
68000000 68000000        0     1 .ospi0_cs0.startof
68000000 68000000        0     1         __ddsc_OSPI0_CS0_START = .
68000000 68000000        0     1 __ospi0_cs0_from_qspi_flash$$
68000000 68000000        0     1         __ospi0_cs0_from_qspi_flash$$Base = .
68000000 68000000        0     1         __ospi0_cs0_from_qspi_flash$$Load = LOADADDR ( __ospi0_cs0_from_qspi_flash$$ )
68000000 68000000        0     1         __ospi0_cs0_from_qspi_flash$$Limit = .
20000000 20000000        0     1 .ram.startof
20000000 20000000        0     1         __ddsc_RAM_START = .
20000000 20000000        0     1 __ram_dtc_vector$$
20000000 20000000        0     1         __ram_dtc_vector$$Base = .
20000000 20000000        0     1         __ram_dtc_vector$$Limit = .
20000000 20000000        0     1 __ram_from_qspi_flash$$
20000000 20000000        0     1         __ram_from_qspi_flash$$Base = .
20000000 20000000        0     1         __ram_from_qspi_flash$$Load = LOADADDR ( __ram_from_qspi_flash$$ )
20000000 20000000        0     1         __ram_from_qspi_flash$$Limit = .
60000000 60000000        0     1 __qspi_flash_readonly$$
60000000 60000000        0     1         __qspi_flash_readonly$$Base = .
60000000 60000000        0     1         __qspi_flash_readonly$$Limit = .
60000000 60000000        0     1 __qspi_flash_noinit$$
60000000 60000000        0     1         __qspi_flash_noinit$$Base = .
60000000 60000000        0     1         __qspi_flash_noinit$$Limit = .
60000000 60000000        0     1 .qspi_flash.endof
60000000 60000000        0     1         __ddsc_QSPI_FLASH_END = .
70000000 70000000        0     1 .ospi0_cs1.startof
70000000 70000000        0     1         __ddsc_OSPI0_CS1_START = .
68000000 68000000        0     1 __ospi0_cs0_from_ospi0_cs1$$
68000000 68000000        0     1         __ospi0_cs0_from_ospi0_cs1$$Base = .
68000000 68000000        0     1         __ospi0_cs0_from_ospi0_cs1$$Load = LOADADDR ( __ospi0_cs0_from_ospi0_cs1$$ )
68000000 68000000        0     1         __ospi0_cs0_from_ospi0_cs1$$Limit = .
20000000 20000000        0     1 __ram_from_ospi0_cs1$$
20000000 20000000        0     1         __ram_from_ospi0_cs1$$Base = .
20000000 20000000        0     1         __ram_from_ospi0_cs1$$Load = LOADADDR ( __ram_from_ospi0_cs1$$ )
20000000 20000000        0     1         __ram_from_ospi0_cs1$$Limit = .
70000000 70000000        0     1 __ospi0_cs1_readonly$$
70000000 70000000        0     1         __ospi0_cs1_readonly$$Base = .
70000000 70000000        0     1         __ospi0_cs1_readonly$$Limit = .
70000000 70000000        0     1 __ospi0_cs1_noinit$$
70000000 70000000        0     1         __ospi0_cs1_noinit$$Base = .
70000000 70000000        0     1         __ospi0_cs1_noinit$$Limit = .
70000000 70000000        0     1 .ospi0_cs1.endof
70000000 70000000        0     1         __ddsc_OSPI0_CS1_END = .
 8000000  8000000        0     1 .data_flash.startof
 8000000  8000000        0     1         __ddsc_DATA_FLASH_START = .
68000000 68000000        0     1 __ospi0_cs0_from_data_flash$$
68000000 68000000        0     1         __ospi0_cs0_from_data_flash$$Base = .
68000000 68000000        0     1         __ospi0_cs0_from_data_flash$$Load = LOADADDR ( __ospi0_cs0_from_data_flash$$ )
68000000 68000000        0     1         __ospi0_cs0_from_data_flash$$Limit = .
20000000 20000000        0     1 __ram_from_data_flash$$
20000000 20000000        0     1         __ram_from_data_flash$$Base = .
20000000 20000000        0     1         __ram_from_data_flash$$Load = LOADADDR ( __ram_from_data_flash$$ )
20000000 20000000        0     1         __ram_from_data_flash$$Limit = .
 8000000  8000000        0     1 __data_flash_readonly$$
 8000000  8000000        0     1         __data_flash_readonly$$Base = .
 8000000  8000000        0     1         __data_flash_readonly$$Limit = .
 8000000  8000000        0     1 __data_flash_noinit$$
 8000000  8000000        0     1         __data_flash_noinit$$Base = .
 8000000  8000000        0     1         __data_flash_noinit$$Limit = .
 8000000  8000000        0     1 .data_flash.endof
 8000000  8000000        0     1         __ddsc_DATA_FLASH_END = .
       0        0        0     1 .flash.startof
       0        0        0     1         __ddsc_FLASH_START = .
       0        0       4c     4 __flash_vectors$$
       0        0        0     1         __flash_vectors$$Base = .
       0        0        0     1         _VECTORS = .
       0        0       40     4         ./ra/fsp/src/bsp/cmsis/Device/RENESAS/Source/startup.o:(.fixed_vectors)
       0        0       40     1                 __Vectors
      40       40        c     4         ./ra_gen/vector_data.o:(.application_vectors)
      40       40        c     1                 g_vector_table
      4c       4c        0     1         __flash_vectors$$Limit = .
      4c       4c        0     1 __flash_noinit$$
      4c       4c        0     1         __flash_noinit$$Base = .
      4c       4c        0     1         __flash_noinit$$Limit = .
68000000 68000000        0     1 __ospi0_cs0_from_flash$$
68000000 68000000        0     1         __ospi0_cs0_from_flash$$Base = .
68000000 68000000        0     1         __ospi0_cs0_from_flash$$Load = LOADADDR ( __ospi0_cs0_from_flash$$ )
68000000 68000000        0     1         __ospi0_cs0_from_flash$$Limit = .
68000000 68000000        0     1 __ospi0_cs0_noinit_nocache$$
68000000 68000000        0     1         __ospi0_cs0_noinit_nocache$$Base = .
68000000 68000000        0     1         __ospi0_cs0_noinit_nocache$$Limit = .
68000000 68000000        0     1 __ospi0_cs0_zero_nocache$$
68000000 68000000        0     1         __ospi0_cs0_zero_nocache$$Base = .
68000000 68000000        0     1         . = ALIGN ( 32 )
68000000 68000000        0     1         __ospi0_cs0_zero_nocache$$Limit = .
68000000 68000000        0     1 __ospi0_cs0_noinit$$
68000000 68000000        0     1         __ospi0_cs0_noinit$$Base = .
68000000 68000000        0     1         __ospi0_cs0_noinit$$Limit = .
68000000 68000000        0     1 __ospi0_cs0_zero$$
68000000 68000000        0     1         __ospi0_cs0_zero$$Base = .
68000000 68000000        0     1         __ospi0_cs0_zero$$Limit = .
68000000 68000000        0     1 .ospi0_cs0.endof
68000000 68000000        0     1         __ddsc_OSPI0_CS0_END = .
20000000       4c       a8     4 __ram_from_flash$$
20000000       4c        0     1         __ram_from_flash$$Base = .
20000000       4c        0     1         __ram_from_flash$$Load = LOADADDR ( __ram_from_flash$$ )
20000000       4c        a     1         ./src/zmod4410_driver.o:(.data.data_set_4410i)
20000000       4c        a     1                 data_set_4410i
2000000a       56       3c     1         ./src/zmod4410_driver.o:(.data.data_set_4410_iaq_2nd_gen)
2000000a       56       3c     1                 data_set_4410_iaq_2nd_gen
20000048       94       60     4         ./src/zmod4410_driver.o:(.data.zmod_iaq2_sensor_cfg)
20000048       94       60     1                 zmod_iaq2_sensor_cfg
200000a8       f4        0     1         __ram_from_flash$$Limit = .
200000c0 200000c0        0     1 __ram_noinit_nocache$$
200000c0 200000c0        0     1         __ram_noinit_nocache$$Base = .
200000c0 200000c0        0     1         __ram_noinit_nocache$$Limit = .
200000c0 200000c0        0     1 __ram_zero_nocache$$
200000c0 200000c0        0     1         __ram_zero_nocache$$Base = .
200000c0 200000c0        0     1         . = ALIGN ( 32 )
200000c0 200000c0        0     1         __ram_zero_nocache$$Limit = .
200000c0 200000c0      41c     8 __ram_noinit$$
200000c0 200000c0        0     1         __ram_noinit$$Base = .
200000c0 200000c0      400     8         ./ra/fsp/src/bsp/cmsis/Device/RENESAS/Source/startup.o:(.bss.g_main_stack)
200000c0 200000c0      400     1                 g_main_stack
200004c0 200004c0       1c     4         ./ra/fsp/src/bsp/mcu/all/bsp_clocks.o:(.ram_noinit)
200004c0 200004c0       1c     1                 g_clock_freq
200004dc 200004dc        0     1         __ram_noinit$$Limit = .
200004e0 200004e0      234    16 __ram_zero$$
200004e0 200004e0        0     1         __ram_zero$$Base = .
200004e0 200004e0        1     1         ./src/icp10101_driver.o:(.bss.is_base_set)
200004e0 200004e0        1     1                 is_base_set
200004e4 200004e4        4     4         ./src/icp10101_driver.o:(.bss.start_pressure_pa)
200004e4 200004e4        4     1                 start_pressure_pa
200004e8 200004e8       2c     4         ./src/sensors.o:(.bss.my_icp_sensor)
200004e8 200004e8       2c     1                 my_icp_sensor
20000514 20000514        c     4         ./src/sensors.o:(.bss.icp_val)
20000514 20000514        c     1                 icp_val
20000520 20000520       14     4         ./src/sensors.o:(.bss.zmod_res)
20000520 20000520       14     1                 zmod_res
20000534 20000534        4     4         ./src/timer.o:(.bss.g_millis_counter)
20000534 20000534        4     1                 g_millis_counter
20000538 20000538        1     1         ./src/uart.o:(.bss.RSState)
20000538 20000538        1     1                 RSState
2000053c 2000053c        4     4         ./src/uart.o:(.bss.S0Value)
2000053c 2000053c        4     1                 S0Value
20000540 20000540        4     4         ./src/uart.o:(.bss.S1Value)
20000540 20000540        4     1                 S1Value
20000544 20000544       28     4         ./src/zmod4410_driver.o:(.bss.dev)
20000544 20000544       28     1                 dev
2000056c 2000056c        7     1         ./src/zmod4410_driver.o:(.bss.zmod_prod_data)
2000056c 2000056c        7     1                 zmod_prod_data
20000574 20000574        4     4         ./src/zmod4410_driver.o:(.bss.zmod4410_loop_task.polling_timer)
20000574 20000574        4     1                 zmod4410_loop_task.polling_timer
20000578 20000578        1     1         ./src/zmod4410_driver.o:(.bss.current_state)
20000578 20000578        1     1                 current_state
2000057c 2000057c        4     4         ./src/zmod4410_driver.o:(.bss.sequence_start_tick)
2000057c 2000057c        4     1                 sequence_start_tick
20000580 20000580       20     1         ./src/zmod4410_driver.o:(.bss.adc_result)
20000580 20000580       20     1                 adc_result
200005a0 200005a0       9c     4         ./src/zmod4410_driver.o:(.bss.algo_handle)
200005a0 200005a0       9c     1                 algo_handle
2000063c 2000063c       58     4         ./src/zmod4410_driver.o:(.bss.lib_results)
2000063c 2000063c       58     1                 lib_results
20000694 20000694       14     4         ./src/zmod4410_driver.o:(.bss.public_results)
20000694 20000694       14     1                 public_results
200006a8 200006a8        4     4         ./src/zmod4410_driver.o:(.bss.sample)
200006a8 200006a8        4     1                 sample
200006ac 200006ac       40     4         ./ra/fsp/src/bsp/mcu/all/bsp_group_irq.o:(.bss.g_bsp_group_irq_sources)
200006ac 200006ac       40     1                 g_bsp_group_irq_sources
200006ec 200006ec        c     4         ./ra/fsp/src/bsp/mcu/all/bsp_irq.o:(.bss.gp_renesas_isr_context)
200006ec 200006ec        c     1                 gp_renesas_isr_context
200006f8 200006f8        8     2         ./ra/fsp/src/bsp/mcu/all/bsp_register_protection.o:(.bss.g_protect_counters)
200006f8 200006f8        8     1                 g_protect_counters
20000700 20000700        4     4         ./ra/fsp/src/bsp/cmsis/Device/RENESAS/Source/system.o:(.bss.SystemCoreClock)
20000700 20000700        4     1                 SystemCoreClock
20000710 20000710        4    16         C:\Renesas\RA\e2studio_v2025-04.1_fsp_v6.0.0\toolchains\llvm_arm\LLVM-ET-Arm-18.1.3-Windows-x86_64\bin\..\lib\clang-runtimes/arm-none-eabi/armv8m.main_hard_fp_exn_rtti\lib\libc.a(libc_picolib_machine_arm_read_tp.S.o):(.bss)
20000710 20000710        4     1                 __tls
20000714 20000714        0     1         __ram_zero$$Limit = .
20000714 20000714        0     1 __ram_tdata$$
20000714 20000714        0     1         __ram_tdata$$Base = .
20000714 20000714        0     1         __ram_tdata$$Load = LOADADDR ( __ram_tdata$$ )
20000714 20000714        0     1         __ram_tdata$$Limit = .
20000714 20000714        0     1 __ram_tbss$$
20000714 20000714        0     1         __ram_tbss$$Base = .
20000714 20000714        0     1         __ram_tbss$$Limit = .
20000718 20000718        0     1 __ram_thread_stack$$
20000718 20000718        0     1         __ram_thread_stack$$Base = .
20000718 20000718        0     1         __ram_thread_stack$$Limit = .
20002000 20002000        0     1 .ram.endof
20002000 20002000        0     1         __ddsc_RAM_END = .
20002000 20002000        0     1 .ram.flat_nsc
20002000 20002000        0     1         __ddsc_RAM_NSC = .
      f8       f8     7ada     8 __flash_readonly$$
      f8       f8        0     1         __flash_readonly$$Base = .
      f8       f8       b2     4         ./src/hal_entry.o:(.text.hal_entry)
      f8       f8        0     1                 $t.0
      f9       f9       b2     1                 hal_entry
     1ac      1ac      100     4         ./src/icp10101_driver.o:(.text.icp10101_sensor_init)
     1ac      1ac        0     1                 $t.0
     1ad      1ad      100     1                 icp10101_sensor_init
     2ac      2ac       22     4         ./src/icp10101_driver.o:(.text.icp10101_start_measurement)
     2ac      2ac        0     1                 $t.1
     2ad      2ad       22     1                 icp10101_start_measurement
     2d0      2d0       48     4         ./src/icp10101_driver.o:(.text.icp10101_read_raw_data)
     2d0      2d0        0     1                 $t.2
     2d1      2d1       48     1                 icp10101_read_raw_data
     318      318      1a4     4         ./src/icp10101_driver.o:(.text.icp10101_process_data)
     318      318        0     1                 $t.3
     319      319      1a4     1                 icp10101_process_data
     4a0      4a0        0     1                 $d.4
     4bc      4bc       10     4         ./src/ra6m5_i2c.o:(.text.i2c_common_delay_ms)
     4bc      4bc        0     1                 $t.0
     4bd      4bd       10     1                 i2c_common_delay_ms
     4cc      4cc       1c     4         ./src/ra6m5_i2c.o:(.text.i2c_recovery_delay_us)
     4cc      4cc        0     1                 $t.1
     4cd      4cd       1c     1                 i2c_recovery_delay_us
     4e8      4e8      114     4         ./src/ra6m5_i2c.o:(.text.i2c_bus_recovery)
     4e8      4e8        0     1                 $t.2
     4e9      4e9      114     1                 i2c_bus_recovery
     5fc      5fc       de     4         ./src/ra6m5_i2c.o:(.text.i2c_common_init)
     5fc      5fc        0     1                 $t.4
     5fd      5fd       de     1                 i2c_common_init
     6dc      6dc       30     4         ./src/ra6m5_i2c.o:(.text.i2c_common_start)
     6dc      6dc        0     1                 $t.5
     6dd      6dd       30     1                 i2c_common_start
     70c      70c       42     4         ./src/ra6m5_i2c.o:(.text.i2c_common_repeated_start)
     70c      70c        0     1                 $t.6
     70d      70d       42     1                 i2c_common_repeated_start
     750      750       4a     4         ./src/ra6m5_i2c.o:(.text.i2c_common_stop)
     750      750        0     1                 $t.7
     751      751       4a     1                 i2c_common_stop
     79c      79c       34     4         ./src/ra6m5_i2c.o:(.text.i2c_common_write_byte_raw)
     79c      79c        0     1                 $t.8
     79d      79d       34     1                 i2c_common_write_byte_raw
     7d0      7d0       4a     4         ./src/ra6m5_i2c.o:(.text.i2c_common_check_NACKF)
     7d0      7d0        0     1                 $t.11
     7d1      7d1       4a     1                 i2c_common_check_NACKF
     81c      81c      146     4         ./src/ra6m5_i2c.o:(.text.i2c_common_write_reg)
     81c      81c        0     1                 $t.12
     81d      81d      146     1                 i2c_common_write_reg
     964      964      1d6     4         ./src/ra6m5_i2c.o:(.text.i2c_common_read_burst)
     964      964        0     1                 $t.13
     965      965      1d6     1                 i2c_common_read_burst
     b3c      b3c       36     4         ./src/sensors.o:(.text.sensors_init)
     b3c      b3c        0     1                 $t.0
     b3d      b3d       36     1                 sensors_init
     b74      b74      14e     4         ./src/sensors.o:(.text.sensors_read_all)
     b74      b74        0     1                 $t.1
     b75      b75      14e     1                 sensors_read_all
     cc4      cc4        c     4         ./src/timer.o:(.text.millis)
     cc4      cc4        0     1                 $t.0
     cc5      cc5        c     1                 millis
     cd0      cd0       62     4         ./src/uart.o:(.text.printUART)
     cd0      cd0        0     1                 $t.0
     cd1      cd1       62     1                 printUART
     d34      d34      1d6     4         ./src/uart.o:(.text.UART5_Handler)
     d34      d34        0     1                 $t.1
     d35      d35      1d6     1                 UART5_Handler
     d6c      d6c        0     1                 $d.2
     d70      d70        0     1                 $t.3
     f0c      f0c      11c     4         ./src/uart.o:(.text.uart_init)
     f0c      f0c        0     1                 $t.4
     f0d      f0d      11c     1                 uart_init
    1028     1028       d8     4         ./src/zmod4410_driver.o:(.text.zmod4410_init_system)
    1028     1028        0     1                 $t.0
    1029     1029       d8     1                 zmod4410_init_system
    1100     1100       90     4         ./src/zmod4410_driver.o:(.text.zmod_i2c_write)
    1100     1100        0     1                 $t.1
    1101     1101       90     1                 zmod_i2c_write
    1190     1190       ac     4         ./src/zmod4410_driver.o:(.text.zmod_i2c_read)
    1190     1190        0     1                 $t.2
    1191     1191       ac     1                 zmod_i2c_read
    123c     123c        4     4         ./src/zmod4410_driver.o:(.text.zmod_delay_ms)
    123c     123c        0     1                 $t.3
    123d     123d        4     1                 zmod_delay_ms
    1240     1240      194     4         ./src/zmod4410_driver.o:(.text.zmod4410_loop_task)
    1240     1240        0     1                 $t.4
    1241     1241      194     1                 zmod4410_loop_task
    1258     1258        0     1                 $d.5
    125c     125c        0     1                 $t.6
    13d4     13d4       1e     4         ./src/zmod4410_driver.o:(.text.zmod4410_get_current_results)
    13d4     13d4        0     1                 $t.7
    13d5     13d5       1e     1                 zmod4410_get_current_results
    13f4     13f4       2a     4         ./src/zmod4xxx.o:(.text.zmod4xxx_read_status)
    13f4     13f4        0     1                 $t.0
    13f5     13f5       2a     1                 zmod4xxx_read_status
    1420     1420       3a     4         ./src/zmod4xxx.o:(.text.zmod4xxx_check_error_event)
    1420     1420        0     1                 $t.1
    1421     1421       3a     1                 zmod4xxx_check_error_event
    145c     145c       ce     4         ./src/zmod4xxx.o:(.text.zmod4xxx_read_sensor_info)
    145c     145c        0     1                 $t.3
    145d     145d       ce     1                 zmod4xxx_read_sensor_info
    152c     152c      1ac     4         ./src/zmod4xxx.o:(.text.zmod4xxx_init_sensor)
    152c     152c        0     1                 $t.7
    152d     152d      1ac     1                 zmod4xxx_init_sensor
    16c8     16c8        0     1                 $d.8
    16d8     16d8      11c     4         ./src/zmod4xxx.o:(.text.zmod4xxx_init_measurement)
    16d8     16d8        0     1                 $t.9
    16d9     16d9      11c     1                 zmod4xxx_init_measurement
    17e4     17e4        0     1                 $d.10
    17f4     17f4       1e     4         ./src/zmod4xxx.o:(.text.zmod4xxx_start_measurement)
    17f4     17f4        0     1                 $t.11
    17f5     17f5       1e     1                 zmod4xxx_start_measurement
    1814     1814       24     4         ./src/zmod4xxx.o:(.text.zmod4xxx_read_adc_result)
    1814     1814        0     1                 $t.12
    1815     1815       24     1                 zmod4xxx_read_adc_result
    1838     1838       20     4         ./src/zmod4xxx.o:(.text.zmod4xxx_prepare_sensor)
    1838     1838        0     1                 $t.15
    1839     1839       20     1                 zmod4xxx_prepare_sensor
    1858     1858        c     4         ./ra_gen/main.o:(.text.main)
    1858     1858        0     1                 $t.0
    1859     1859        c     1                 main
    1864     1864      126     4         ./ra/fsp/src/r_sci_i2c/r_sci_i2c.o:(.text.sci_i2c_txi_isr)
    1864     1864        0     1                 $t.9
    1865     1865      126     1                 sci_i2c_txi_isr
    198c     198c      116     4         ./ra/fsp/src/r_sci_i2c/r_sci_i2c.o:(.text.sci_i2c_tei_isr)
    198c     198c        0     1                 $t.10
    198d     198d      116     1                 sci_i2c_tei_isr
    1aa4     1aa4       7e     4         ./ra/fsp/src/r_icu/r_icu.o:(.text.r_icu_isr)
    1aa4     1aa4        0     1                 $t.5
    1aa5     1aa5       7e     1                 r_icu_isr
    1b24     1b24       2c     4         ./ra/fsp/src/bsp/mcu/all/bsp_clocks.o:(.text.SystemCoreClockUpdate)
    1b24     1b24        0     1                 $t.2
    1b25     1b25       2c     1                 SystemCoreClockUpdate
    1b50     1b50       fc     4         ./ra/fsp/src/bsp/mcu/all/bsp_clocks.o:(.text.bsp_clock_init)
    1b50     1b50        0     1                 $t.5
    1b51     1b51       fc     1                 bsp_clock_init
    1c4c     1c4c       2a     4         ./ra/fsp/src/bsp/mcu/all/bsp_clocks.o:(.text.R_BSP_Init_RTC)
    1c4c     1c4c        0     1                 $t.8
    1c4d     1c4d       2a     1                 R_BSP_Init_RTC
    1c78     1c78       82     4         ./ra/fsp/src/bsp/mcu/all/bsp_delay.o:(.text.R_BSP_SoftwareDelay)
    1c78     1c78        0     1                 $t.0
    1c79     1c79       82     1                 R_BSP_SoftwareDelay
    1cfc     1cfc        8     4         ./ra/fsp/src/bsp/mcu/all/bsp_delay.o:(.text.bsp_prv_software_delay_loop)
    1cfc     1cfc        0     1                 sw_delay_loop
    1cfc     1cfc        0     1                 $t.1
    1cfd     1cfd        8     1                 bsp_prv_software_delay_loop
    1d04     1d04       52     4         ./ra/fsp/src/bsp/mcu/all/bsp_group_irq.o:(.text.NMI_Handler)
    1d04     1d04        0     1                 $t.1
    1d05     1d05       52     1                 NMI_Handler
    1d58     1d58       96     4         ./ra/fsp/src/bsp/mcu/all/bsp_irq.o:(.text.bsp_irq_cfg)
    1d58     1d58        0     1                 $t.0
    1d59     1d59       96     1                 bsp_irq_cfg
    1df0     1df0       58     4         ./ra/fsp/src/bsp/mcu/all/bsp_register_protection.o:(.text.R_BSP_RegisterProtectEnable)
    1df0     1df0        0     1                 $t.0
    1df1     1df1       58     1                 R_BSP_RegisterProtectEnable
    1e48     1e48       50     4         ./ra/fsp/src/bsp/mcu/all/bsp_register_protection.o:(.text.R_BSP_RegisterProtectDisable)
    1e48     1e48        0     1                 $t.1
    1e49     1e49       50     1                 R_BSP_RegisterProtectDisable
    1e98     1e98        e     4         ./ra/fsp/src/bsp/cmsis/Device/RENESAS/Source/startup.o:(.text.Reset_Handler)
    1e98     1e98        0     1                 $t.0
    1e99     1e99        e     1                 Reset_Handler
    1ea8     1ea8        4     4         ./ra/fsp/src/bsp/cmsis/Device/RENESAS/Source/startup.o:(.text.Default_Handler)
    1ea8     1ea8        0     1                 $t.1
    1ea9     1ea9        4     1                 Default_Handler
    1ea9     1ea9        4     1                 HardFault_Handler
    1ea9     1ea9        4     1                 MemManage_Handler
    1ea9     1ea9        4     1                 BusFault_Handler
    1ea9     1ea9        4     1                 UsageFault_Handler
    1ea9     1ea9        4     1                 SecureFault_Handler
    1ea9     1ea9        4     1                 SVC_Handler
    1ea9     1ea9        4     1                 DebugMon_Handler
    1ea9     1ea9        4     1                 PendSV_Handler
    1ea9     1ea9        4     1                 SysTick_Handler
    1eac     1eac      19c     4         ./ra/fsp/src/bsp/cmsis/Device/RENESAS/Source/system.o:(.text.SystemInit)
    1eac     1eac        0     1                 $t.0
    1ead     1ead      19c     1                 SystemInit
    2048     2048        2     4         ./ra/fsp/src/bsp/cmsis/Device/RENESAS/Source/system.o:(.text.R_BSP_WarmStart)
    2048     2048        0     1                 $t.1
    2049     2049        2     1                 R_BSP_WarmStart
    204c     204c        2     4         ./ra/board/ra6m5_ck/board_init.o:(.text.bsp_init)
    204c     204c        0     1                 $t.0
    204d     204d        2     1                 bsp_init
    2050     2050      8c4     8         D:/LTHTN/e2Studio/Workspace1/btl4/ra/fsp/lib/rm_zmod4xxx/cm33_llvm/lib_iaq_2nd_gen.a(iaq_2nd_gen.o):(.text.calc_iaq_2nd_gen_internal)
    2050     2050        0     1                 $t.1
    2051     2051      8c4     1                 calc_iaq_2nd_gen_internal
    22cc     22cc        0     1                 $d.2
    2310     2310        0     1                 $t.3
    28a0     28a0        0     1                 $d.4
    2918     2918      22c     8         D:/LTHTN/e2Studio/Workspace1/btl4/ra/fsp/lib/rm_zmod4xxx/cm33_llvm/lib_iaq_2nd_gen.a(iaq_2nd_gen.o):(.text.calc_rel_iaq_internal)
    2918     2918        0     1                 $t.6
    2919     2919      22c     1                 calc_rel_iaq_internal
    2b20     2b20        0     1                 $d.7
    2b44     2b44      2a4     4         D:/LTHTN/e2Studio/Workspace1/btl4/ra/fsp/lib/rm_zmod4xxx/cm33_llvm/lib_iaq_2nd_gen.a(iaq_2nd_gen.o):(.text.calc_iaq_2nd_gen)
    2b44     2b44        0     1                 $t.9
    2b45     2b45      2a4     1                 calc_iaq_2nd_gen
    2dc0     2dc0        0     1                 $d.10
    2de8     2de8       46     4         D:/LTHTN/e2Studio/Workspace1/btl4/ra/fsp/lib/rm_zmod4xxx/cm33_llvm/lib_iaq_2nd_gen.a(iaq_2nd_gen_RH_nnet.o):(.text.calc_iaq_2nd_gen_RH_nnet)
    2de8     2de8        0     1                 $t.0
    2de9     2de9       46     1                 calc_iaq_2nd_gen_RH_nnet
    2e30     2e30       46     4         D:/LTHTN/e2Studio/Workspace1/btl4/ra/fsp/lib/rm_zmod4xxx/cm33_llvm/lib_iaq_2nd_gen.a(iaq_2nd_gen_T_nnet.o):(.text.calc_iaq_2nd_gen_T_nnet)
    2e30     2e30        0     1                 $t.0
    2e31     2e31       46     1                 calc_iaq_2nd_gen_T_nnet
    2e78     2e78       46     4         D:/LTHTN/e2Studio/Workspace1/btl4/ra/fsp/lib/rm_zmod4xxx/cm33_llvm/lib_iaq_2nd_gen.a(iaq_2nd_gen_V6_nnet.o):(.text.calc_iaq_2nd_gen_V6_nnet)
    2e78     2e78        0     1                 $t.0
    2e79     2e79       46     1                 calc_iaq_2nd_gen_V6_nnet
    2ec0     2ec0       6c     4         D:/LTHTN/e2Studio/Workspace1/btl4/ra/fsp/lib/rm_zmod4xxx/cm33_llvm/lib_iaq_2nd_gen.a(iaq_2nd_gen_nnet.o):(.text.calc_iaq_2nd_gen_nnet)
    2ec0     2ec0        0     1                 $t.0
    2ec1     2ec1       6c     1                 calc_iaq_2nd_gen_nnet
    2f2c     2f2c       5c     4         D:/LTHTN/e2Studio/Workspace1/btl4/ra/fsp/lib/rm_zmod4xxx/cm33_llvm/lib_iaq_2nd_gen.a(nnet_funcs.o):(.text.nnet_funcs_safe_exp)
    2f2c     2f2c        0     1                 $t.0
    2f2d     2f2d       5c     1                 nnet_funcs_safe_exp
    2f78     2f78        0     1                 $d.1
    2f88     2f88       a8     4         D:/LTHTN/e2Studio/Workspace1/btl4/ra/fsp/lib/rm_zmod4xxx/cm33_llvm/lib_iaq_2nd_gen.a(nnet_funcs.o):(.text.nnet_funcs_tanh)
    2f88     2f88        0     1                 $t.2
    2f89     2f89       a8     1                 nnet_funcs_tanh
    3020     3020        0     1                 $d.3
    3030     3030       2c     4         D:/LTHTN/e2Studio/Workspace1/btl4/ra/fsp/lib/rm_zmod4xxx/cm33_llvm/lib_iaq_2nd_gen.a(nnet_funcs.o):(.text.nnet_funcs_relu)
    3030     3030        0     1                 $t.4
    3031     3031       2c     1                 nnet_funcs_relu
    3058     3058        0     1                 $d.5
    305c     305c       5e     4         D:/LTHTN/e2Studio/Workspace1/btl4/ra/fsp/lib/rm_zmod4xxx/cm33_llvm/lib_iaq_2nd_gen.a(nnet_funcs.o):(.text.nnet_funcs_dotbias)
    305c     305c        0     1                 $t.6
    305d     305d       5e     1                 nnet_funcs_dotbias
    30bc     30bc       2c     4         C:\Renesas\RA\e2studio_v2025-04.1_fsp_v6.0.0\toolchains\llvm_arm\LLVM-ET-Arm-18.1.3-Windows-x86_64\bin\..\lib\clang-runtimes/arm-none-eabi/armv8m.main_hard_fp_exn_rtti\lib\libc.a(libc_picolib_inittls.c.o):(.text._init_tls)
    30bc     30bc        0     1                 $t.0
    30bd     30bd       2c     1                 _init_tls
    30d8     30d8        0     1                 $d.1
    30e8     30e8       14     4         C:\Renesas\RA\e2studio_v2025-04.1_fsp_v6.0.0\toolchains\llvm_arm\LLVM-ET-Arm-18.1.3-Windows-x86_64\bin\..\lib\clang-runtimes/arm-none-eabi/armv8m.main_hard_fp_exn_rtti\lib\libc.a(libc_picolib_machine_arm_tls.c.o):(.text._set_tls)
    30e8     30e8        0     1                 $t.0
    30e9     30e9       14     1                 _set_tls
    30f4     30f4        0     1                 $d.1
    30fc     30fc       50     4         C:\Renesas\RA\e2studio_v2025-04.1_fsp_v6.0.0\toolchains\llvm_arm\LLVM-ET-Arm-18.1.3-Windows-x86_64\bin\..\lib\clang-runtimes/arm-none-eabi/armv8m.main_hard_fp_exn_rtti\lib\libc.a(libc_tinystdio_sprintf.c.o):(.text.sprintf)
    30fc     30fc        0     1                 $t.0
    30fd     30fd       50     1                 sprintf
    3148     3148        0     1                 $d.1
    314c     314c       10     2         C:\Renesas\RA\e2studio_v2025-04.1_fsp_v6.0.0\toolchains\llvm_arm\LLVM-ET-Arm-18.1.3-Windows-x86_64\bin\..\lib\clang-runtimes/arm-none-eabi/armv8m.main_hard_fp_exn_rtti\lib\libc.a(libc_tinystdio_filestrput.c.o):(.text.__file_str_put)
    314c     314c        0     1                 $t.0
    314d     314d       10     1                 __file_str_put
    315c     315c      9e8     4         C:\Renesas\RA\e2studio_v2025-04.1_fsp_v6.0.0\toolchains\llvm_arm\LLVM-ET-Arm-18.1.3-Windows-x86_64\bin\..\lib\clang-runtimes/arm-none-eabi/armv8m.main_hard_fp_exn_rtti\lib\libc.a(libc_tinystdio_vfprintf.c.o):(.text.vfprintf)
    315c     315c        0     1                 $t.0
    315d     315d      9e8     1                 vfprintf
    315d     315d      9e8     1                 __d_vfprintf
    31de     31de        0     1                 $d.1
    31e8     31e8        0     1                 $t.2
    33fc     33fc        0     1                 $d.3
    340a     340a        0     1                 $t.4
    3b38     3b38        0     1                 $d.5
    3b44     3b44      164     4         C:\Renesas\RA\e2studio_v2025-04.1_fsp_v6.0.0\toolchains\llvm_arm\LLVM-ET-Arm-18.1.3-Windows-x86_64\bin\..\lib\clang-runtimes/arm-none-eabi/armv8m.main_hard_fp_exn_rtti\lib\libc.a(libc_tinystdio_vfprintf.c.o):(.text.skip_to_arg)
    3b44     3b44        0     1                 $t.6
    3b45     3b45      164     1                 skip_to_arg
    3ca4     3ca4        0     1                 $d.7
    3ca8     3ca8       4c     2         C:\Renesas\RA\e2studio_v2025-04.1_fsp_v6.0.0\toolchains\llvm_arm\LLVM-ET-Arm-18.1.3-Windows-x86_64\bin\..\lib\clang-runtimes/arm-none-eabi/armv8m.main_hard_fp_exn_rtti\lib\libc.a(libc_tinystdio_vfprintf.c.o):(.text.__ultoa_invert)
    3ca8     3ca8        0     1                 $t.8
    3ca9     3ca9       4c     1                 __ultoa_invert
    3cf4     3cf4       12     2         C:\Renesas\RA\e2studio_v2025-04.1_fsp_v6.0.0\toolchains\llvm_arm\LLVM-ET-Arm-18.1.3-Windows-x86_64\bin\..\lib\clang-runtimes/arm-none-eabi/armv8m.main_hard_fp_exn_rtti\lib\libc.a(libc_tinystdio_vfprintf.c.o):(.text.OUTLINED_FUNCTION_0)
    3cf4     3cf4        0     1                 $t.9
    3cf5     3cf5       12     1                 OUTLINED_FUNCTION_0
    3d06     3d06        8     2         C:\Renesas\RA\e2studio_v2025-04.1_fsp_v6.0.0\toolchains\llvm_arm\LLVM-ET-Arm-18.1.3-Windows-x86_64\bin\..\lib\clang-runtimes/arm-none-eabi/armv8m.main_hard_fp_exn_rtti\lib\libc.a(libc_tinystdio_vfprintf.c.o):(.text.OUTLINED_FUNCTION_1)
    3d06     3d06        0     1                 $t.10
    3d07     3d07        8     1                 OUTLINED_FUNCTION_1
    3d0e     3d0e        8     2         C:\Renesas\RA\e2studio_v2025-04.1_fsp_v6.0.0\toolchains\llvm_arm\LLVM-ET-Arm-18.1.3-Windows-x86_64\bin\..\lib\clang-runtimes/arm-none-eabi/armv8m.main_hard_fp_exn_rtti\lib\libc.a(libc_tinystdio_vfprintf.c.o):(.text.OUTLINED_FUNCTION_2)
    3d0e     3d0e        0     1                 $t.11
    3d0f     3d0f        8     1                 OUTLINED_FUNCTION_2
    3d16     3d16        8     2         C:\Renesas\RA\e2studio_v2025-04.1_fsp_v6.0.0\toolchains\llvm_arm\LLVM-ET-Arm-18.1.3-Windows-x86_64\bin\..\lib\clang-runtimes/arm-none-eabi/armv8m.main_hard_fp_exn_rtti\lib\libc.a(libc_tinystdio_vfprintf.c.o):(.text.OUTLINED_FUNCTION_3)
    3d16     3d16        0     1                 $t.12
    3d17     3d17        8     1                 OUTLINED_FUNCTION_3
    3d1e     3d1e        6     2         C:\Renesas\RA\e2studio_v2025-04.1_fsp_v6.0.0\toolchains\llvm_arm\LLVM-ET-Arm-18.1.3-Windows-x86_64\bin\..\lib\clang-runtimes/arm-none-eabi/armv8m.main_hard_fp_exn_rtti\lib\libc.a(libc_tinystdio_vfprintf.c.o):(.text.OUTLINED_FUNCTION_4)
    3d1e     3d1e        0     1                 $t.13
    3d1f     3d1f        6     1                 OUTLINED_FUNCTION_4
    3d24     3d24        6     2         C:\Renesas\RA\e2studio_v2025-04.1_fsp_v6.0.0\toolchains\llvm_arm\LLVM-ET-Arm-18.1.3-Windows-x86_64\bin\..\lib\clang-runtimes/arm-none-eabi/armv8m.main_hard_fp_exn_rtti\lib\libc.a(libc_tinystdio_vfprintf.c.o):(.text.OUTLINED_FUNCTION_5)
    3d24     3d24        0     1                 $t.14
    3d25     3d25        6     1                 OUTLINED_FUNCTION_5
    3d2a     3d2a        8     2         C:\Renesas\RA\e2studio_v2025-04.1_fsp_v6.0.0\toolchains\llvm_arm\LLVM-ET-Arm-18.1.3-Windows-x86_64\bin\..\lib\clang-runtimes/arm-none-eabi/armv8m.main_hard_fp_exn_rtti\lib\libc.a(libc_tinystdio_vfprintf.c.o):(.text.OUTLINED_FUNCTION_6)
    3d2a     3d2a        0     1                 $t.15
    3d2b     3d2b        8     1                 OUTLINED_FUNCTION_6
    3d34     3d34      134     4         C:\Renesas\RA\e2studio_v2025-04.1_fsp_v6.0.0\toolchains\llvm_arm\LLVM-ET-Arm-18.1.3-Windows-x86_64\bin\..\lib\clang-runtimes/arm-none-eabi/armv8m.main_hard_fp_exn_rtti\lib\libc.a(libc_tinystdio_dtox_engine.c.o):(.text.__dtox_engine)
    3d34     3d34        0     1                 $t.0
    3d35     3d35      134     1                 __dtox_engine
    3e64     3e64        0     1                 $d.1
    3e68     3e68       1a     2         C:\Renesas\RA\e2studio_v2025-04.1_fsp_v6.0.0\toolchains\llvm_arm\LLVM-ET-Arm-18.1.3-Windows-x86_64\bin\..\lib\clang-runtimes/arm-none-eabi/armv8m.main_hard_fp_exn_rtti\lib\libc.a(libc_string_strnlen.c.o):(.text.strnlen)
    3e68     3e68        0     1                 $t.0
    3e69     3e69       1a     1                 strnlen
    3e82     3e82      448     2         C:\Renesas\RA\e2studio_v2025-04.1_fsp_v6.0.0\toolchains\llvm_arm\LLVM-ET-Arm-18.1.3-Windows-x86_64\bin\..\lib\clang-runtimes/arm-none-eabi/armv8m.main_hard_fp_exn_rtti\lib\libc.a(libc_tinystdio_dtoa_ryu.c.o):(.text.__dtoa_engine)
    3e82     3e82        0     1                 $t.0
    3e83     3e83      448     1                 __dtoa_engine
    42ca     42ca       12     2         C:\Renesas\RA\e2studio_v2025-04.1_fsp_v6.0.0\toolchains\llvm_arm\LLVM-ET-Arm-18.1.3-Windows-x86_64\bin\..\lib\clang-runtimes/arm-none-eabi/armv8m.main_hard_fp_exn_rtti\lib\libc.a(libc_tinystdio_dtoa_ryu.c.o):(.text.div10)
    42ca     42ca        0     1                 $t.1
    42cb     42cb       12     1                 div10
    42dc     42dc       20     4         C:\Renesas\RA\e2studio_v2025-04.1_fsp_v6.0.0\toolchains\llvm_arm\LLVM-ET-Arm-18.1.3-Windows-x86_64\bin\..\lib\clang-runtimes/arm-none-eabi/armv8m.main_hard_fp_exn_rtti\lib\libc.a(libc_tinystdio_dtoa_ryu.c.o):(.text.umulh)
    42dc     42dc        0     1                 $t.2
    42dd     42dd       20     1                 umulh
    42f8     42f8        0     1                 $d.3
    42fc     42fc      1dc     2         C:\Renesas\RA\e2studio_v2025-04.1_fsp_v6.0.0\toolchains\llvm_arm\LLVM-ET-Arm-18.1.3-Windows-x86_64\bin\..\lib\clang-runtimes/arm-none-eabi/armv8m.main_hard_fp_exn_rtti\lib\libc.a(libc_tinystdio_dtoa_ryu.c.o):(.text.mulShiftAll64)
    42fc     42fc        0     1                 $t.4
    42fd     42fd      1dc     1                 mulShiftAll64
    44d8     44d8       30     2         C:\Renesas\RA\e2studio_v2025-04.1_fsp_v6.0.0\toolchains\llvm_arm\LLVM-ET-Arm-18.1.3-Windows-x86_64\bin\..\lib\clang-runtimes/arm-none-eabi/armv8m.main_hard_fp_exn_rtti\lib\libc.a(libc_tinystdio_dtoa_ryu.c.o):(.text.decimalLength17)
    44d8     44d8        0     1                 $t.5
    44d9     44d9       30     1                 decimalLength17
    4508     4508       16     2         C:\Renesas\RA\e2studio_v2025-04.1_fsp_v6.0.0\toolchains\llvm_arm\LLVM-ET-Arm-18.1.3-Windows-x86_64\bin\..\lib\clang-runtimes/arm-none-eabi/armv8m.main_hard_fp_exn_rtti\lib\libc.a(libc_tinystdio_dtoa_ryu.c.o):(.text.OUTLINED_FUNCTION_0)
    4508     4508        0     1                 $t.6
    4509     4509       16     1                 OUTLINED_FUNCTION_0
    4520     4520        c     4         C:\Renesas\RA\e2studio_v2025-04.1_fsp_v6.0.0\toolchains\llvm_arm\LLVM-ET-Arm-18.1.3-Windows-x86_64\bin\..\lib\clang-runtimes/arm-none-eabi/armv8m.main_hard_fp_exn_rtti\lib\libc.a(libc_tinystdio_ryu_log10.c.o):(.text.__log10Pow2)
    4520     4520        0     1                 $t.0
    4521     4521        c     1                 __log10Pow2
    4528     4528        0     1                 $d.1
    452c     452c        c     4         C:\Renesas\RA\e2studio_v2025-04.1_fsp_v6.0.0\toolchains\llvm_arm\LLVM-ET-Arm-18.1.3-Windows-x86_64\bin\..\lib\clang-runtimes/arm-none-eabi/armv8m.main_hard_fp_exn_rtti\lib\libc.a(libc_tinystdio_ryu_log10.c.o):(.text.__log10Pow5)
    452c     452c        0     1                 $t.2
    452d     452d        c     1                 __log10Pow5
    4534     4534        0     1                 $d.3
    4538     4538       10     4         C:\Renesas\RA\e2studio_v2025-04.1_fsp_v6.0.0\toolchains\llvm_arm\LLVM-ET-Arm-18.1.3-Windows-x86_64\bin\..\lib\clang-runtimes/arm-none-eabi/armv8m.main_hard_fp_exn_rtti\lib\libc.a(libc_tinystdio_ryu_pow5bits.c.o):(.text.__pow5bits)
    4538     4538        0     1                 $t.0
    4539     4539       10     1                 __pow5bits
    4544     4544        0     1                 $d.1
    4548     4548       3c     4         C:\Renesas\RA\e2studio_v2025-04.1_fsp_v6.0.0\toolchains\llvm_arm\LLVM-ET-Arm-18.1.3-Windows-x86_64\bin\..\lib\clang-runtimes/arm-none-eabi/armv8m.main_hard_fp_exn_rtti\lib\libc.a(libc_tinystdio_ryu_table.c.o):(.text.__pow5Factor)
    4548     4548        0     1                 $t.0
    4549     4549       3c     1                 __pow5Factor
    457c     457c        0     1                 $d.1
    4584     4584       d8     4         C:\Renesas\RA\e2studio_v2025-04.1_fsp_v6.0.0\toolchains\llvm_arm\LLVM-ET-Arm-18.1.3-Windows-x86_64\bin\..\lib\clang-runtimes/arm-none-eabi/armv8m.main_hard_fp_exn_rtti\lib\libc.a(libc_tinystdio_ryu_table.c.o):(.text.__double_computePow5)
    4584     4584        0     1                 $t.2
    4585     4585       d8     1                 __double_computePow5
    4650     4650        0     1                 $d.3
    465c     465c       e4     4         C:\Renesas\RA\e2studio_v2025-04.1_fsp_v6.0.0\toolchains\llvm_arm\LLVM-ET-Arm-18.1.3-Windows-x86_64\bin\..\lib\clang-runtimes/arm-none-eabi/armv8m.main_hard_fp_exn_rtti\lib\libc.a(libc_tinystdio_ryu_table.c.o):(.text.__double_computeInvPow5)
    465c     465c        0     1                 $t.4
    465d     465d       e4     1                 __double_computeInvPow5
    4734     4734        0     1                 $d.5
    4740     4740       10     2         C:\Renesas\RA\e2studio_v2025-04.1_fsp_v6.0.0\toolchains\llvm_arm\LLVM-ET-Arm-18.1.3-Windows-x86_64\bin\..\lib\clang-runtimes/arm-none-eabi/armv8m.main_hard_fp_exn_rtti\lib\libc.a(libc_tinystdio_ryu_table.c.o):(.text.OUTLINED_FUNCTION_0)
    4740     4740        0     1                 $t.6
    4741     4741       10     1                 OUTLINED_FUNCTION_0
    4750     4750       10     2         C:\Renesas\RA\e2studio_v2025-04.1_fsp_v6.0.0\toolchains\llvm_arm\LLVM-ET-Arm-18.1.3-Windows-x86_64\bin\..\lib\clang-runtimes/arm-none-eabi/armv8m.main_hard_fp_exn_rtti\lib\libc.a(libc_tinystdio_ryu_table.c.o):(.text.OUTLINED_FUNCTION_1)
    4750     4750        0     1                 $t.7
    4751     4751       10     1                 OUTLINED_FUNCTION_1
    4760     4760       10     2         C:\Renesas\RA\e2studio_v2025-04.1_fsp_v6.0.0\toolchains\llvm_arm\LLVM-ET-Arm-18.1.3-Windows-x86_64\bin\..\lib\clang-runtimes/arm-none-eabi/armv8m.main_hard_fp_exn_rtti\lib\libc.a(libc_tinystdio_ryu_table.c.o):(.text.OUTLINED_FUNCTION_2)
    4760     4760        0     1                 $t.8
    4761     4761       10     1                 OUTLINED_FUNCTION_2
    4770     4770        e     2         C:\Renesas\RA\e2studio_v2025-04.1_fsp_v6.0.0\toolchains\llvm_arm\LLVM-ET-Arm-18.1.3-Windows-x86_64\bin\..\lib\clang-runtimes/arm-none-eabi/armv8m.main_hard_fp_exn_rtti\lib\libc.a(libc_tinystdio_ryu_table.c.o):(.text.OUTLINED_FUNCTION_3)
    4770     4770        0     1                 $t.9
    4771     4771        e     1                 OUTLINED_FUNCTION_3
    477e     477e       42     2         C:\Renesas\RA\e2studio_v2025-04.1_fsp_v6.0.0\toolchains\llvm_arm\LLVM-ET-Arm-18.1.3-Windows-x86_64\bin\..\lib\clang-runtimes/arm-none-eabi/armv8m.main_hard_fp_exn_rtti\lib\libc.a(libc_tinystdio_ryu_umul128.c.o):(.text.__umul128)
    477e     477e        0     1                 $t.0
    477f     477f       42     1                 __umul128
    47c0     47c0       36     2         C:\Renesas\RA\e2studio_v2025-04.1_fsp_v6.0.0\toolchains\llvm_arm\LLVM-ET-Arm-18.1.3-Windows-x86_64\bin\..\lib\clang-runtimes/arm-none-eabi/armv8m.main_hard_fp_exn_rtti\lib\libc.a(libc_tinystdio_ryu_umul128.c.o):(.text.__shiftright128)
    47c0     47c0        0     1                 $t.1
    47c1     47c1       36     1                 __shiftright128
    47f6     47f6        6     2         C:\Renesas\RA\e2studio_v2025-04.1_fsp_v6.0.0\toolchains\llvm_arm\LLVM-ET-Arm-18.1.3-Windows-x86_64\bin\..\lib\clang-runtimes/arm-none-eabi/armv8m.main_hard_fp_exn_rtti\lib\libc.a(libm_machine_arm_sf_sqrt.c.o):(.text.sqrtf)
    47f6     47f6        0     1                 $t.0
    47f7     47f7        6     1                 sqrtf
    4800     4800      318     8         C:\Renesas\RA\e2studio_v2025-04.1_fsp_v6.0.0\toolchains\llvm_arm\LLVM-ET-Arm-18.1.3-Windows-x86_64\bin\..\lib\clang-runtimes/arm-none-eabi/armv8m.main_hard_fp_exn_rtti\lib\libc.a(libm_math_s_exp.c.o):(.text.exp)
    4800     4800        0     1                 $t.0
    4801     4801      318     1                 exp
    4801     4801      318     1                 expl
    4a78     4a78        0     1                 $d.1
    4b18     4b18        8     2         C:\Renesas\RA\e2studio_v2025-04.1_fsp_v6.0.0\toolchains\llvm_arm\LLVM-ET-Arm-18.1.3-Windows-x86_64\bin\..\lib\clang-runtimes/arm-none-eabi/armv8m.main_hard_fp_exn_rtti\lib\libc.a(libm_math_s_exp.c.o):(.text.OUTLINED_FUNCTION_0)
    4b18     4b18        0     1                 $t.2
    4b19     4b19        8     1                 OUTLINED_FUNCTION_0
    4b20     4b20        c     2         C:\Renesas\RA\e2studio_v2025-04.1_fsp_v6.0.0\toolchains\llvm_arm\LLVM-ET-Arm-18.1.3-Windows-x86_64\bin\..\lib\clang-runtimes/arm-none-eabi/armv8m.main_hard_fp_exn_rtti\lib\libc.a(libm_math_s_exp.c.o):(.text.OUTLINED_FUNCTION_1)
    4b20     4b20        0     1                 $t.3
    4b21     4b21        c     1                 OUTLINED_FUNCTION_1
    4b2c     4b2c        8     2         C:\Renesas\RA\e2studio_v2025-04.1_fsp_v6.0.0\toolchains\llvm_arm\LLVM-ET-Arm-18.1.3-Windows-x86_64\bin\..\lib\clang-runtimes/arm-none-eabi/armv8m.main_hard_fp_exn_rtti\lib\libc.a(libm_math_s_exp.c.o):(.text.OUTLINED_FUNCTION_2)
    4b2c     4b2c        0     1                 $t.4
    4b2d     4b2d        8     1                 OUTLINED_FUNCTION_2
    4b34     4b34        c     2         C:\Renesas\RA\e2studio_v2025-04.1_fsp_v6.0.0\toolchains\llvm_arm\LLVM-ET-Arm-18.1.3-Windows-x86_64\bin\..\lib\clang-runtimes/arm-none-eabi/armv8m.main_hard_fp_exn_rtti\lib\libc.a(libm_math_s_exp.c.o):(.text.OUTLINED_FUNCTION_3)
    4b34     4b34        0     1                 $t.5
    4b35     4b35        c     1                 OUTLINED_FUNCTION_3
    4b40     4b40        c     2         C:\Renesas\RA\e2studio_v2025-04.1_fsp_v6.0.0\toolchains\llvm_arm\LLVM-ET-Arm-18.1.3-Windows-x86_64\bin\..\lib\clang-runtimes/arm-none-eabi/armv8m.main_hard_fp_exn_rtti\lib\libc.a(libm_math_s_exp.c.o):(.text.OUTLINED_FUNCTION_4)
    4b40     4b40        0     1                 $t.6
    4b41     4b41        c     1                 OUTLINED_FUNCTION_4
    4b50     4b50      120     8         C:\Renesas\RA\e2studio_v2025-04.1_fsp_v6.0.0\toolchains\llvm_arm\LLVM-ET-Arm-18.1.3-Windows-x86_64\bin\..\lib\clang-runtimes/arm-none-eabi/armv8m.main_hard_fp_exn_rtti\lib\libc.a(libm_math_s_log10.c.o):(.text.log10)
    4b50     4b50        0     1                 $t.0
    4b51     4b51      120     1                 log10
    4b51     4b51      120     1                 log10l
    4c48     4c48        0     1                 $d.1
    4c70     4c70        c     2         C:\Renesas\RA\e2studio_v2025-04.1_fsp_v6.0.0\toolchains\llvm_arm\LLVM-ET-Arm-18.1.3-Windows-x86_64\bin\..\lib\clang-runtimes/arm-none-eabi/armv8m.main_hard_fp_exn_rtti\lib\libc.a(libm_math_s_log10.c.o):(.text.OUTLINED_FUNCTION_0)
    4c70     4c70        0     1                 $t.2
    4c71     4c71        c     1                 OUTLINED_FUNCTION_0
    4c80     4c80      3fc     8         C:\Renesas\RA\e2studio_v2025-04.1_fsp_v6.0.0\toolchains\llvm_arm\LLVM-ET-Arm-18.1.3-Windows-x86_64\bin\..\lib\clang-runtimes/arm-none-eabi/armv8m.main_hard_fp_exn_rtti\lib\libc.a(libm_math_s_log.c.o):(.text.log)
    4c80     4c80        0     1                 $t.0
    4c81     4c81      3fc     1                 log
    4c81     4c81      3fc     1                 logl
    4fe8     4fe8        0     1                 $d.1
    507c     507c        8     2         C:\Renesas\RA\e2studio_v2025-04.1_fsp_v6.0.0\toolchains\llvm_arm\LLVM-ET-Arm-18.1.3-Windows-x86_64\bin\..\lib\clang-runtimes/arm-none-eabi/armv8m.main_hard_fp_exn_rtti\lib\libc.a(libm_math_s_log.c.o):(.text.OUTLINED_FUNCTION_0)
    507c     507c        0     1                 $t.2
    507d     507d        8     1                 OUTLINED_FUNCTION_0
    5084     5084        c     2         C:\Renesas\RA\e2studio_v2025-04.1_fsp_v6.0.0\toolchains\llvm_arm\LLVM-ET-Arm-18.1.3-Windows-x86_64\bin\..\lib\clang-runtimes/arm-none-eabi/armv8m.main_hard_fp_exn_rtti\lib\libc.a(libm_math_s_log.c.o):(.text.OUTLINED_FUNCTION_1)
    5084     5084        0     1                 $t.3
    5085     5085        c     1                 OUTLINED_FUNCTION_1
    5090     5090        8     2         C:\Renesas\RA\e2studio_v2025-04.1_fsp_v6.0.0\toolchains\llvm_arm\LLVM-ET-Arm-18.1.3-Windows-x86_64\bin\..\lib\clang-runtimes/arm-none-eabi/armv8m.main_hard_fp_exn_rtti\lib\libc.a(libm_math_s_log.c.o):(.text.OUTLINED_FUNCTION_2)
    5090     5090        0     1                 $t.4
    5091     5091        8     1                 OUTLINED_FUNCTION_2
    5098     5098        c     2         C:\Renesas\RA\e2studio_v2025-04.1_fsp_v6.0.0\toolchains\llvm_arm\LLVM-ET-Arm-18.1.3-Windows-x86_64\bin\..\lib\clang-runtimes/arm-none-eabi/armv8m.main_hard_fp_exn_rtti\lib\libc.a(libm_math_s_log.c.o):(.text.OUTLINED_FUNCTION_3)
    5098     5098        0     1                 $t.5
    5099     5099        c     1                 OUTLINED_FUNCTION_3
    50a4     50a4        c     2         C:\Renesas\RA\e2studio_v2025-04.1_fsp_v6.0.0\toolchains\llvm_arm\LLVM-ET-Arm-18.1.3-Windows-x86_64\bin\..\lib\clang-runtimes/arm-none-eabi/armv8m.main_hard_fp_exn_rtti\lib\libc.a(libm_math_s_log.c.o):(.text.OUTLINED_FUNCTION_4)
    50a4     50a4        0     1                 $t.6
    50a5     50a5        c     1                 OUTLINED_FUNCTION_4
    50b0     50b0        c     2         C:\Renesas\RA\e2studio_v2025-04.1_fsp_v6.0.0\toolchains\llvm_arm\LLVM-ET-Arm-18.1.3-Windows-x86_64\bin\..\lib\clang-runtimes/arm-none-eabi/armv8m.main_hard_fp_exn_rtti\lib\libc.a(libm_math_s_log.c.o):(.text.OUTLINED_FUNCTION_5)
    50b0     50b0        0     1                 $t.7
    50b1     50b1        c     1                 OUTLINED_FUNCTION_5
    50c0     50c0      b74     8         C:\Renesas\RA\e2studio_v2025-04.1_fsp_v6.0.0\toolchains\llvm_arm\LLVM-ET-Arm-18.1.3-Windows-x86_64\bin\..\lib\clang-runtimes/arm-none-eabi/armv8m.main_hard_fp_exn_rtti\lib\libc.a(libm_math_s_pow.c.o):(.text.pow)
    50c0     50c0        0     1                 $t.0
    50c1     50c1      b74     1                 pow
    50c1     50c1      b74     1                 _pow
    50c1     50c1      b74     1                 powl
    53a0     53a0        0     1                 $d.1
    53dc     53dc        0     1                 $t.2
    5760     5760        0     1                 $d.3
    57d0     57d0        0     1                 $t.4
    5b6c     5b6c        0     1                 $d.5
    5c34     5c34        8     2         C:\Renesas\RA\e2studio_v2025-04.1_fsp_v6.0.0\toolchains\llvm_arm\LLVM-ET-Arm-18.1.3-Windows-x86_64\bin\..\lib\clang-runtimes/arm-none-eabi/armv8m.main_hard_fp_exn_rtti\lib\libc.a(libm_math_s_pow.c.o):(.text.OUTLINED_FUNCTION_0)
    5c34     5c34        0     1                 $t.6
    5c35     5c35        8     1                 OUTLINED_FUNCTION_0
    5c3c     5c3c        c     2         C:\Renesas\RA\e2studio_v2025-04.1_fsp_v6.0.0\toolchains\llvm_arm\LLVM-ET-Arm-18.1.3-Windows-x86_64\bin\..\lib\clang-runtimes/arm-none-eabi/armv8m.main_hard_fp_exn_rtti\lib\libc.a(libm_math_s_pow.c.o):(.text.OUTLINED_FUNCTION_1)
    5c3c     5c3c        0     1                 $t.7
    5c3d     5c3d        c     1                 OUTLINED_FUNCTION_1
    5c48     5c48        c     2         C:\Renesas\RA\e2studio_v2025-04.1_fsp_v6.0.0\toolchains\llvm_arm\LLVM-ET-Arm-18.1.3-Windows-x86_64\bin\..\lib\clang-runtimes/arm-none-eabi/armv8m.main_hard_fp_exn_rtti\lib\libc.a(libm_math_s_pow.c.o):(.text.OUTLINED_FUNCTION_2)
    5c48     5c48        0     1                 $t.8
    5c49     5c49        c     1                 OUTLINED_FUNCTION_2
    5c54     5c54        8     2         C:\Renesas\RA\e2studio_v2025-04.1_fsp_v6.0.0\toolchains\llvm_arm\LLVM-ET-Arm-18.1.3-Windows-x86_64\bin\..\lib\clang-runtimes/arm-none-eabi/armv8m.main_hard_fp_exn_rtti\lib\libc.a(libm_math_s_pow.c.o):(.text.OUTLINED_FUNCTION_3)
    5c54     5c54        0     1                 $t.9
    5c55     5c55        8     1                 OUTLINED_FUNCTION_3
    5c5c     5c5c        a     2         C:\Renesas\RA\e2studio_v2025-04.1_fsp_v6.0.0\toolchains\llvm_arm\LLVM-ET-Arm-18.1.3-Windows-x86_64\bin\..\lib\clang-runtimes/arm-none-eabi/armv8m.main_hard_fp_exn_rtti\lib\libc.a(libm_math_s_pow.c.o):(.text.OUTLINED_FUNCTION_4)
    5c5c     5c5c        0     1                 $t.10
    5c5d     5c5d        a     1                 OUTLINED_FUNCTION_4
    5c66     5c66        6     2         C:\Renesas\RA\e2studio_v2025-04.1_fsp_v6.0.0\toolchains\llvm_arm\LLVM-ET-Arm-18.1.3-Windows-x86_64\bin\..\lib\clang-runtimes/arm-none-eabi/armv8m.main_hard_fp_exn_rtti\lib\libc.a(libm_math_s_pow.c.o):(.text.OUTLINED_FUNCTION_5)
    5c66     5c66        0     1                 $t.11
    5c67     5c67        6     1                 OUTLINED_FUNCTION_5
    5c6c     5c6c        8     2         C:\Renesas\RA\e2studio_v2025-04.1_fsp_v6.0.0\toolchains\llvm_arm\LLVM-ET-Arm-18.1.3-Windows-x86_64\bin\..\lib\clang-runtimes/arm-none-eabi/armv8m.main_hard_fp_exn_rtti\lib\libc.a(libm_math_s_pow.c.o):(.text.OUTLINED_FUNCTION_6)
    5c6c     5c6c        0     1                 $t.12
    5c6d     5c6d        8     1                 OUTLINED_FUNCTION_6
    5c74     5c74        c     2         C:\Renesas\RA\e2studio_v2025-04.1_fsp_v6.0.0\toolchains\llvm_arm\LLVM-ET-Arm-18.1.3-Windows-x86_64\bin\..\lib\clang-runtimes/arm-none-eabi/armv8m.main_hard_fp_exn_rtti\lib\libc.a(libm_math_s_pow.c.o):(.text.OUTLINED_FUNCTION_7)
    5c74     5c74        0     1                 $t.13
    5c75     5c75        c     1                 OUTLINED_FUNCTION_7
    5c80     5c80        8     2         C:\Renesas\RA\e2studio_v2025-04.1_fsp_v6.0.0\toolchains\llvm_arm\LLVM-ET-Arm-18.1.3-Windows-x86_64\bin\..\lib\clang-runtimes/arm-none-eabi/armv8m.main_hard_fp_exn_rtti\lib\libc.a(libm_math_s_pow.c.o):(.text.OUTLINED_FUNCTION_8)
    5c80     5c80        0     1                 $t.14
    5c81     5c81        8     1                 OUTLINED_FUNCTION_8
    5c88     5c88        c     2         C:\Renesas\RA\e2studio_v2025-04.1_fsp_v6.0.0\toolchains\llvm_arm\LLVM-ET-Arm-18.1.3-Windows-x86_64\bin\..\lib\clang-runtimes/arm-none-eabi/armv8m.main_hard_fp_exn_rtti\lib\libc.a(libm_math_s_pow.c.o):(.text.OUTLINED_FUNCTION_9)
    5c88     5c88        0     1                 $t.15
    5c89     5c89        c     1                 OUTLINED_FUNCTION_9
    5c94     5c94        6     2         C:\Renesas\RA\e2studio_v2025-04.1_fsp_v6.0.0\toolchains\llvm_arm\LLVM-ET-Arm-18.1.3-Windows-x86_64\bin\..\lib\clang-runtimes/arm-none-eabi/armv8m.main_hard_fp_exn_rtti\lib\libc.a(libm_math_s_pow.c.o):(.text.OUTLINED_FUNCTION_10)
    5c94     5c94        0     1                 $t.16
    5c95     5c95        6     1                 OUTLINED_FUNCTION_10
    5c9a     5c9a        a     2         C:\Renesas\RA\e2studio_v2025-04.1_fsp_v6.0.0\toolchains\llvm_arm\LLVM-ET-Arm-18.1.3-Windows-x86_64\bin\..\lib\clang-runtimes/arm-none-eabi/armv8m.main_hard_fp_exn_rtti\lib\libc.a(libm_math_s_pow.c.o):(.text.OUTLINED_FUNCTION_11)
    5c9a     5c9a        0     1                 $t.17
    5c9b     5c9b        a     1                 OUTLINED_FUNCTION_11
    5ca4     5ca4      1ac     4         C:\Renesas\RA\e2studio_v2025-04.1_fsp_v6.0.0\toolchains\llvm_arm\LLVM-ET-Arm-18.1.3-Windows-x86_64\bin\..\lib\clang-runtimes/arm-none-eabi/armv8m.main_hard_fp_exn_rtti\lib\libc.a(libm_machine_arm_s_sqrt.c.o):(.text.sqrt)
    5ca4     5ca4        0     1                 $t.0
    5ca5     5ca5      1ac     1                 sqrt
    5ca5     5ca5      1ac     1                 sqrtl
    5e48     5e48        0     1                 $d.1
    5e50     5e50        a     2         C:\Renesas\RA\e2studio_v2025-04.1_fsp_v6.0.0\toolchains\llvm_arm\LLVM-ET-Arm-18.1.3-Windows-x86_64\bin\..\lib\clang-runtimes/arm-none-eabi/armv8m.main_hard_fp_exn_rtti\lib\libc.a(libm_machine_arm_s_sqrt.c.o):(.text.OUTLINED_FUNCTION_0)
    5e50     5e50        0     1                 $t.2
    5e51     5e51        a     1                 OUTLINED_FUNCTION_0
    5e60     5e60       c4     8         C:\Renesas\RA\e2studio_v2025-04.1_fsp_v6.0.0\toolchains\llvm_arm\LLVM-ET-Arm-18.1.3-Windows-x86_64\bin\..\lib\clang-runtimes/arm-none-eabi/armv8m.main_hard_fp_exn_rtti\lib\libc.a(libm_common_s_scalbn.c.o):(.text.scalbn)
    5e60     5e60        0     1                 $t.0
    5e61     5e61       c4     1                 scalbn
    5e61     5e61       c4     1                 ldexp
    5e61     5e61       c4     1                 scalbnl
    5e61     5e61       c4     1                 ldexpl
    5f10     5f10        0     1                 $d.1
    5f24     5f24       38     4         C:\Renesas\RA\e2studio_v2025-04.1_fsp_v6.0.0\toolchains\llvm_arm\LLVM-ET-Arm-18.1.3-Windows-x86_64\bin\..\lib\clang-runtimes/arm-none-eabi/armv8m.main_hard_fp_exn_rtti\lib\libc.a(libm_common_s_fpclassify.c.o):(.text.__fpclassifyd)
    5f24     5f24        0     1                 $t.0
    5f25     5f25       38     1                 __fpclassifyd
    5f25     5f25       38     1                 __fpclassifyl
    5f58     5f58        0     1                 $d.1
    5f60     5f60       20     8         C:\Renesas\RA\e2studio_v2025-04.1_fsp_v6.0.0\toolchains\llvm_arm\LLVM-ET-Arm-18.1.3-Windows-x86_64\bin\..\lib\clang-runtimes/arm-none-eabi/armv8m.main_hard_fp_exn_rtti\lib\libc.a(libm_common_math_err_uflow.c.o):(.text.__math_uflow)
    5f60     5f60        0     1                 $t.0
    5f61     5f61       20     1                 __math_uflow
    5f70     5f70        0     1                 $d.1
    5f80     5f80       20     8         C:\Renesas\RA\e2studio_v2025-04.1_fsp_v6.0.0\toolchains\llvm_arm\LLVM-ET-Arm-18.1.3-Windows-x86_64\bin\..\lib\clang-runtimes/arm-none-eabi/armv8m.main_hard_fp_exn_rtti\lib\libc.a(libm_common_math_err_oflow.c.o):(.text.__math_oflow)
    5f80     5f80        0     1                 $t.0
    5f81     5f81       20     1                 __math_oflow
    5f90     5f90        0     1                 $d.1
    5fa0     5fa0       20     8         C:\Renesas\RA\e2studio_v2025-04.1_fsp_v6.0.0\toolchains\llvm_arm\LLVM-ET-Arm-18.1.3-Windows-x86_64\bin\..\lib\clang-runtimes/arm-none-eabi/armv8m.main_hard_fp_exn_rtti\lib\libc.a(libm_common_math_err_divzero.c.o):(.text.__math_divzero)
    5fa0     5fa0        0     1                 $t.0
    5fa1     5fa1       20     1                 __math_divzero
    5fb0     5fb0        0     1                 $d.1
    5fc0     5fc0       18     8         C:\Renesas\RA\e2studio_v2025-04.1_fsp_v6.0.0\toolchains\llvm_arm\LLVM-ET-Arm-18.1.3-Windows-x86_64\bin\..\lib\clang-runtimes/arm-none-eabi/armv8m.main_hard_fp_exn_rtti\lib\libc.a(libm_common_math_err_invalid.c.o):(.text.__math_invalid)
    5fc0     5fc0        0     1                 $t.0
    5fc1     5fc1       18     1                 __math_invalid
    5fd0     5fd0        0     1                 $d.1
    5fd8     5fd8        8     2         C:\Renesas\RA\e2studio_v2025-04.1_fsp_v6.0.0\toolchains\llvm_arm\LLVM-ET-Arm-18.1.3-Windows-x86_64\bin\..\lib\clang-runtimes/arm-none-eabi/armv8m.main_hard_fp_exn_rtti\lib\libc.a(bzero.c.o):(.text.bzero)
    5fd8     5fd8        0     1                 $t.0
    5fd9     5fd9        8     1                 bzero
    5fd9     5fd9        8     1                 __aeabi_memclr4
    5fd9     5fd9        8     1                 __aeabi_memclr8
    5fd9     5fd9        8     1                 __aeabi_memclr
    5fe0     5fe0       14     2         C:\Renesas\RA\e2studio_v2025-04.1_fsp_v6.0.0\toolchains\llvm_arm\LLVM-ET-Arm-18.1.3-Windows-x86_64\bin\..\lib\clang-runtimes/arm-none-eabi/armv8m.main_hard_fp_exn_rtti\lib\libc.a(memcpy.c.o):(.text.memcpy)
    5fe0     5fe0        0     1                 $t.0
    5fe1     5fe1       14     1                 memcpy
    5fe1     5fe1       14     1                 __aeabi_memcpy4
    5fe1     5fe1       14     1                 __aeabi_memcpy8
    5fe1     5fe1       14     1                 __aeabi_memcpy
    5ff4     5ff4        e     2         C:\Renesas\RA\e2studio_v2025-04.1_fsp_v6.0.0\toolchains\llvm_arm\LLVM-ET-Arm-18.1.3-Windows-x86_64\bin\..\lib\clang-runtimes/arm-none-eabi/armv8m.main_hard_fp_exn_rtti\lib\libc.a(memset.c.o):(.text.memset)
    5ff4     5ff4        0     1                 $t.0
    5ff5     5ff5        e     1                 memset
    6008     6008      3d8     8         C:\Renesas\RA\e2studio_v2025-04.1_fsp_v6.0.0\toolchains\llvm_arm\LLVM-ET-Arm-18.1.3-Windows-x86_64\bin\..\lib\clang-runtimes/arm-none-eabi/armv8m.main_hard_fp_exn_rtti\lib\libclang_rt.builtins.a(adddf3.c.obj):(.text.__adddf3)
    6008     6008        0     1                 $t.0
    6009     6009      3d8     1                 __adddf3
    63d0     63d0        0     1                 $d.1
    63e0     63e0       14     2         C:\Renesas\RA\e2studio_v2025-04.1_fsp_v6.0.0\toolchains\llvm_arm\LLVM-ET-Arm-18.1.3-Windows-x86_64\bin\..\lib\clang-runtimes/arm-none-eabi/armv8m.main_hard_fp_exn_rtti\lib\libclang_rt.builtins.a(adddf3.c.obj):(.text.__aeabi_dadd)
    63e0     63e0        0     1                 $t.2
    63e1     63e1       14     1                 __aeabi_dadd
    63f4     63f4       20     4         C:\Renesas\RA\e2studio_v2025-04.1_fsp_v6.0.0\toolchains\llvm_arm\LLVM-ET-Arm-18.1.3-Windows-x86_64\bin\..\lib\clang-runtimes/arm-none-eabi/armv8m.main_hard_fp_exn_rtti\lib\libclang_rt.builtins.a(fp_mode.c.obj):(.text.__fe_getround)
    63f4     63f4        0     1                 $t.0
    63f5     63f5       20     1                 __fe_getround
    6410     6410        0     1                 $d.1
    6414     6414       10     2         C:\Renesas\RA\e2studio_v2025-04.1_fsp_v6.0.0\toolchains\llvm_arm\LLVM-ET-Arm-18.1.3-Windows-x86_64\bin\..\lib\clang-runtimes/arm-none-eabi/armv8m.main_hard_fp_exn_rtti\lib\libclang_rt.builtins.a(fp_mode.c.obj):(.text.__fe_raise_inexact)
    6414     6414        0     1                 $t.2
    6415     6415       10     1                 __fe_raise_inexact
    6424     6424       26     2         C:\Renesas\RA\e2studio_v2025-04.1_fsp_v6.0.0\toolchains\llvm_arm\LLVM-ET-Arm-18.1.3-Windows-x86_64\bin\..\lib\clang-runtimes/arm-none-eabi/armv8m.main_hard_fp_exn_rtti\lib\libclang_rt.builtins.a(ashldi3.c.obj):(.text.__ashldi3)
    6424     6424        0     1                 $t.0
    6425     6425       26     1                 __ashldi3
    6425     6425       26     1                 __aeabi_llsl
    6450     6450      3a0     8         C:\Renesas\RA\e2studio_v2025-04.1_fsp_v6.0.0\toolchains\llvm_arm\LLVM-ET-Arm-18.1.3-Windows-x86_64\bin\..\lib\clang-runtimes/arm-none-eabi/armv8m.main_hard_fp_exn_rtti\lib\libclang_rt.builtins.a(divdf3.c.obj):(.text.__divdf3)
    6450     6450        0     1                 $t.0
    6451     6451      3a0     1                 __divdf3
    67e8     67e8        0     1                 $d.1
    67f0     67f0       14     2         C:\Renesas\RA\e2studio_v2025-04.1_fsp_v6.0.0\toolchains\llvm_arm\LLVM-ET-Arm-18.1.3-Windows-x86_64\bin\..\lib\clang-runtimes/arm-none-eabi/armv8m.main_hard_fp_exn_rtti\lib\libclang_rt.builtins.a(divdf3.c.obj):(.text.__aeabi_ddiv)
    67f0     67f0        0     1                 $t.2
    67f1     67f1       14     1                 __aeabi_ddiv
    6804     6804       80     2         C:\Renesas\RA\e2studio_v2025-04.1_fsp_v6.0.0\toolchains\llvm_arm\LLVM-ET-Arm-18.1.3-Windows-x86_64\bin\..\lib\clang-runtimes/arm-none-eabi/armv8m.main_hard_fp_exn_rtti\lib\libclang_rt.builtins.a(extendsfdf2.c.obj):(.text.__aeabi_f2d)
    6804     6804        0     1                 $t.1
    6805     6805       80     1                 __aeabi_f2d
    6884     6884       58     2         C:\Renesas\RA\e2studio_v2025-04.1_fsp_v6.0.0\toolchains\llvm_arm\LLVM-ET-Arm-18.1.3-Windows-x86_64\bin\..\lib\clang-runtimes/arm-none-eabi/armv8m.main_hard_fp_exn_rtti\lib\libclang_rt.builtins.a(fixdfsi.c.obj):(.text.__aeabi_d2iz)
    6884     6884        0     1                 $t.1
    6885     6885       58     1                 __aeabi_d2iz
    68e0     68e0       70     8         C:\Renesas\RA\e2studio_v2025-04.1_fsp_v6.0.0\toolchains\llvm_arm\LLVM-ET-Arm-18.1.3-Windows-x86_64\bin\..\lib\clang-runtimes/arm-none-eabi/armv8m.main_hard_fp_exn_rtti\lib\libclang_rt.builtins.a(floatsidf.c.obj):(.text.__aeabi_i2d)
    68e0     68e0        0     1                 $t.2
    68e1     68e1       70     1                 __aeabi_i2d
    6948     6948        0     1                 $d.3
    6950     6950       26     2         C:\Renesas\RA\e2studio_v2025-04.1_fsp_v6.0.0\toolchains\llvm_arm\LLVM-ET-Arm-18.1.3-Windows-x86_64\bin\..\lib\clang-runtimes/arm-none-eabi/armv8m.main_hard_fp_exn_rtti\lib\libclang_rt.builtins.a(lshrdi3.c.obj):(.text.__lshrdi3)
    6950     6950        0     1                 $t.0
    6951     6951       26     1                 __lshrdi3
    6951     6951       26     1                 __aeabi_llsr
    6978     6978      2e8     8         C:\Renesas\RA\e2studio_v2025-04.1_fsp_v6.0.0\toolchains\llvm_arm\LLVM-ET-Arm-18.1.3-Windows-x86_64\bin\..\lib\clang-runtimes/arm-none-eabi/armv8m.main_hard_fp_exn_rtti\lib\libclang_rt.builtins.a(muldf3.c.obj):(.text.__muldf3)
    6978     6978        0     1                 $t.0
    6979     6979      2e8     1                 __muldf3
    6c58     6c58        0     1                 $d.1
    6c60     6c60       14     2         C:\Renesas\RA\e2studio_v2025-04.1_fsp_v6.0.0\toolchains\llvm_arm\LLVM-ET-Arm-18.1.3-Windows-x86_64\bin\..\lib\clang-runtimes/arm-none-eabi/armv8m.main_hard_fp_exn_rtti\lib\libclang_rt.builtins.a(muldf3.c.obj):(.text.__aeabi_dmul)
    6c60     6c60        0     1                 $t.2
    6c61     6c61       14     1                 __aeabi_dmul
    6c74     6c74       2c     2         C:\Renesas\RA\e2studio_v2025-04.1_fsp_v6.0.0\toolchains\llvm_arm\LLVM-ET-Arm-18.1.3-Windows-x86_64\bin\..\lib\clang-runtimes/arm-none-eabi/armv8m.main_hard_fp_exn_rtti\lib\libclang_rt.builtins.a(subdf3.c.obj):(.text.__aeabi_dsub)
    6c74     6c74        0     1                 $t.1
    6c75     6c75       2c     1                 __aeabi_dsub
    6ca0     6ca0      126     2         C:\Renesas\RA\e2studio_v2025-04.1_fsp_v6.0.0\toolchains\llvm_arm\LLVM-ET-Arm-18.1.3-Windows-x86_64\bin\..\lib\clang-runtimes/arm-none-eabi/armv8m.main_hard_fp_exn_rtti\lib\libclang_rt.builtins.a(truncdfsf2.c.obj):(.text.__truncdfsf2)
    6ca0     6ca0        0     1                 $t.0
    6ca1     6ca1      126     1                 __truncdfsf2
    6dc6     6dc6       10     2         C:\Renesas\RA\e2studio_v2025-04.1_fsp_v6.0.0\toolchains\llvm_arm\LLVM-ET-Arm-18.1.3-Windows-x86_64\bin\..\lib\clang-runtimes/arm-none-eabi/armv8m.main_hard_fp_exn_rtti\lib\libclang_rt.builtins.a(truncdfsf2.c.obj):(.text.__aeabi_d2f)
    6dc6     6dc6        0     1                 $t.1
    6dc7     6dc7       10     1                 __aeabi_d2f
    6dd8     6dd8       8a     4         C:\Renesas\RA\e2studio_v2025-04.1_fsp_v6.0.0\toolchains\llvm_arm\LLVM-ET-Arm-18.1.3-Windows-x86_64\bin\..\lib\clang-runtimes/arm-none-eabi/armv8m.main_hard_fp_exn_rtti\lib\libclang_rt.builtins.a(aeabi_dcmp.S.obj):(.text)
    6dd8     6dd8        0     1                 $t.0
    6dd9     6dd9       1a     1                 __aeabi_dcmpeq
    6df5     6df5       1a     1                 __aeabi_dcmplt
    6e11     6e11       1a     1                 __aeabi_dcmple
    6e2d     6e2d       1a     1                 __aeabi_dcmpge
    6e49     6e49       1a     1                 __aeabi_dcmpgt
    6e62     6e62       68     2         C:\Renesas\RA\e2studio_v2025-04.1_fsp_v6.0.0\toolchains\llvm_arm\LLVM-ET-Arm-18.1.3-Windows-x86_64\bin\..\lib\clang-runtimes/arm-none-eabi/armv8m.main_hard_fp_exn_rtti\lib\libclang_rt.builtins.a(comparedf2.c.obj):(.text.__ledf2)
    6e62     6e62        0     1                 $t.0
    6e63     6e63       68     1                 __ledf2
    6e63     6e63       68     1                 __cmpdf2
    6e63     6e63       68     1                 __eqdf2
    6e63     6e63       68     1                 __ltdf2
    6e63     6e63       68     1                 __nedf2
    6eca     6eca       6a     2         C:\Renesas\RA\e2studio_v2025-04.1_fsp_v6.0.0\toolchains\llvm_arm\LLVM-ET-Arm-18.1.3-Windows-x86_64\bin\..\lib\clang-runtimes/arm-none-eabi/armv8m.main_hard_fp_exn_rtti\lib\libclang_rt.builtins.a(comparedf2.c.obj):(.text.__gedf2)
    6eca     6eca        0     1                 $t.1
    6ecb     6ecb       6a     1                 __gedf2
    6ecb     6ecb       6a     1                 __gtdf2
    6f34     6f34       14     4         C:\Renesas\RA\e2studio_v2025-04.1_fsp_v6.0.0\toolchains\llvm_arm\LLVM-ET-Arm-18.1.3-Windows-x86_64\bin\..\lib\clang-runtimes/arm-none-eabi/armv8m.main_hard_fp_exn_rtti\lib\libclang_rt.builtins.a(aeabi_uldivmod.S.obj):(.text)
    6f34     6f34        0     1                 $t.0
    6f35     6f35       14     1                 __aeabi_uldivmod
    6f48     6f48      288     2         C:\Renesas\RA\e2studio_v2025-04.1_fsp_v6.0.0\toolchains\llvm_arm\LLVM-ET-Arm-18.1.3-Windows-x86_64\bin\..\lib\clang-runtimes/arm-none-eabi/armv8m.main_hard_fp_exn_rtti\lib\libclang_rt.builtins.a(udivmoddi4.c.obj):(.text.__udivmoddi4)
    6f48     6f48        0     1                 $t.0
    6f49     6f49      288     1                 __udivmoddi4
    71d0     71d0      136     1         <internal>:(.rodata.str1.1)
    7306     7306        6     2         ./ra_gen/vector_data.o:(.rodata.g_interrupt_event_link_select)
    7306     7306        6     1                 g_interrupt_event_link_select
    730c     730c       10     4         ./ra/fsp/src/bsp/mcu/ra6m5/bsp_linker.o:(.rodata.nocache_list)
    730c     730c       10     1                 nocache_list
    731c     731c       18     4         ./ra/fsp/src/bsp/mcu/ra6m5/bsp_linker.o:(.rodata.g_init_info)
    731c     731c       18     1                 g_init_info
    7334     7334       3c     4         ./ra/fsp/src/bsp/mcu/ra6m5/bsp_linker.o:(.rodata.zero_list)
    7334     7334       3c     1                 zero_list
    7370     7370       90     4         ./ra/fsp/src/bsp/mcu/ra6m5/bsp_linker.o:(.rodata.copy_list)
    7370     7370       90     1                 copy_list
    7400     7400        8     2         <internal>:(.rodata.cst8)
    7408     7408        c     4         D:/LTHTN/e2Studio/Workspace1/btl4/ra/fsp/lib/rm_zmod4xxx/cm33_llvm/lib_iaq_2nd_gen.a(iaq_2nd_gen.o):(.rodata.d_falling_run_p)
    7408     7408        c     1                 d_falling_run_p
    7414     7414        c     4         D:/LTHTN/e2Studio/Workspace1/btl4/ra/fsp/lib/rm_zmod4xxx/cm33_llvm/lib_iaq_2nd_gen.a(iaq_2nd_gen.o):(.rodata.d1m_falling_p)
    7414     7414        c     1                 d1m_falling_p
    7420     7420        c     4         D:/LTHTN/e2Studio/Workspace1/btl4/ra/fsp/lib/rm_zmod4xxx/cm33_llvm/lib_iaq_2nd_gen.a(iaq_2nd_gen.o):(.rodata.calc_tvoc2iaq.as)
    7420     7420        c     1                 calc_tvoc2iaq.as
    742c     742c        c     4         D:/LTHTN/e2Studio/Workspace1/btl4/ra/fsp/lib/rm_zmod4xxx/cm33_llvm/lib_iaq_2nd_gen.a(iaq_2nd_gen.o):(.rodata.calc_tvoc2iaq.bs)
    742c     742c        c     1                 calc_tvoc2iaq.bs
    7438     7438        c     4         D:/LTHTN/e2Studio/Workspace1/btl4/ra/fsp/lib/rm_zmod4xxx/cm33_llvm/lib_iaq_2nd_gen.a(iaq_2nd_gen.o):(.rodata.calc_tvoc2iaq.xs)
    7438     7438        c     1                 calc_tvoc2iaq.xs
    7444     7444        c     4         D:/LTHTN/e2Studio/Workspace1/btl4/ra/fsp/lib/rm_zmod4xxx/cm33_llvm/lib_iaq_2nd_gen.a(iaq_2nd_gen.o):(.rodata.calc_tvoc2iaq.ys)
    7444     7444        c     1                 calc_tvoc2iaq.ys
    7450     7450       14     4         D:/LTHTN/e2Studio/Workspace1/btl4/ra/fsp/lib/rm_zmod4xxx/cm33_llvm/lib_iaq_2nd_gen.a(iaq_2nd_gen.o):(.rodata.rg_mean_d1m_p)
    7450     7450       14     1                 rg_mean_d1m_p
    7464     7464       14     4         D:/LTHTN/e2Studio/Workspace1/btl4/ra/fsp/lib/rm_zmod4xxx/cm33_llvm/lib_iaq_2nd_gen.a(iaq_2nd_gen.o):(.rodata.rg_mean_decay_t_p)
    7464     7464       14     1                 rg_mean_decay_t_p
    7478     7478       24     4         D:/LTHTN/e2Studio/Workspace1/btl4/ra/fsp/lib/rm_zmod4xxx/cm33_llvm/lib_iaq_2nd_gen.a(iaq_2nd_gen_RH_nnet.o):(.rodata.iaq_2nd_gen_RH_nnet_layer0_bias_weights)
    7478     7478       24     1                 iaq_2nd_gen_RH_nnet_layer0_bias_weights
    749c     749c       10     4         D:/LTHTN/e2Studio/Workspace1/btl4/ra/fsp/lib/rm_zmod4xxx/cm33_llvm/lib_iaq_2nd_gen.a(iaq_2nd_gen_RH_nnet.o):(.rodata.iaq_2nd_gen_RH_nnet_layer2_bias_weights)
    749c     749c       10     1                 iaq_2nd_gen_RH_nnet_layer2_bias_weights
    74ac     74ac       24     4         D:/LTHTN/e2Studio/Workspace1/btl4/ra/fsp/lib/rm_zmod4xxx/cm33_llvm/lib_iaq_2nd_gen.a(iaq_2nd_gen_T_nnet.o):(.rodata.iaq_2nd_gen_T_nnet_layer0_bias_weights)
    74ac     74ac       24     1                 iaq_2nd_gen_T_nnet_layer0_bias_weights
    74d0     74d0       10     4         D:/LTHTN/e2Studio/Workspace1/btl4/ra/fsp/lib/rm_zmod4xxx/cm33_llvm/lib_iaq_2nd_gen.a(iaq_2nd_gen_T_nnet.o):(.rodata.iaq_2nd_gen_T_nnet_layer2_bias_weights)
    74d0     74d0       10     1                 iaq_2nd_gen_T_nnet_layer2_bias_weights
    74e0     74e0       30     4         D:/LTHTN/e2Studio/Workspace1/btl4/ra/fsp/lib/rm_zmod4xxx/cm33_llvm/lib_iaq_2nd_gen.a(iaq_2nd_gen_V6_nnet.o):(.rodata.iaq_2nd_gen_V6_nnet_layer0_bias_weights)
    74e0     74e0       30     1                 iaq_2nd_gen_V6_nnet_layer0_bias_weights
    7510     7510       1c     4         D:/LTHTN/e2Studio/Workspace1/btl4/ra/fsp/lib/rm_zmod4xxx/cm33_llvm/lib_iaq_2nd_gen.a(iaq_2nd_gen_V6_nnet.o):(.rodata.iaq_2nd_gen_V6_nnet_layer2_bias_weights)
    7510     7510       1c     1                 iaq_2nd_gen_V6_nnet_layer2_bias_weights
    752c     752c      1b8     4         D:/LTHTN/e2Studio/Workspace1/btl4/ra/fsp/lib/rm_zmod4xxx/cm33_llvm/lib_iaq_2nd_gen.a(iaq_2nd_gen_nnet.o):(.rodata.iaq_2nd_gen_nnet_layer0_bias_weights)
    752c     752c      1b8     1                 iaq_2nd_gen_nnet_layer0_bias_weights
    76e4     76e4       dc     4         D:/LTHTN/e2Studio/Workspace1/btl4/ra/fsp/lib/rm_zmod4xxx/cm33_llvm/lib_iaq_2nd_gen.a(iaq_2nd_gen_nnet.o):(.rodata.iaq_2nd_gen_nnet_layer2_bias_weights)
    76e4     76e4       dc     1                 iaq_2nd_gen_nnet_layer2_bias_weights
    77c0     77c0       18     4         D:/LTHTN/e2Studio/Workspace1/btl4/ra/fsp/lib/rm_zmod4xxx/cm33_llvm/lib_iaq_2nd_gen.a(iaq_2nd_gen_nnet.o):(.rodata.iaq_2nd_gen_nnet_layer4_bias_weights)
    77c0     77c0       18     1                 iaq_2nd_gen_nnet_layer4_bias_weights
    77d8     77d8      33c     8         C:\Renesas\RA\e2studio_v2025-04.1_fsp_v6.0.0\toolchains\llvm_arm\LLVM-ET-Arm-18.1.3-Windows-x86_64\bin\..\lib\clang-runtimes/arm-none-eabi/armv8m.main_hard_fp_exn_rtti\lib\libc.a(libc_tinystdio_ryu_table.c.o):(.rodata)
    77d8     77d8       d0     1                 DOUBLE_POW5_SPLIT2
    78a8     78a8       d0     1                 DOUBLE_POW5_TABLE
    7978     7978       54     1                 POW5_OFFSETS
    79d0     79d0       f0     1                 DOUBLE_POW5_INV_SPLIT2
    7ac0     7ac0       54     1                 POW5_INV_OFFSETS
    7b18     7b18       60     8         <internal>:(.rodata.cst16)
    7b78     7b78        c     4         C:\Renesas\RA\e2studio_v2025-04.1_fsp_v6.0.0\toolchains\llvm_arm\LLVM-ET-Arm-18.1.3-Windows-x86_64\bin\..\lib\clang-runtimes/arm-none-eabi/armv8m.main_hard_fp_exn_rtti\lib\libclang_rt.builtins.a(fp_mode.c.obj):(.rodata..Lswitch.table.__fe_getround)
    7b78     7b78        c     1                 .Lswitch.table.__fe_getround
    7b84     7b84       4e     4         ./ra/fsp/src/bsp/mcu/all/bsp_common.o:(.version)
    7b84     7b84        4     1                 g_fsp_version
    7b88     7b88        6     1                 g_fsp_version_string
    7b8e     7b8e       44     1                 g_fsp_version_build_string
    7bd2     7bd2        0     1         __flash_readonly$$Limit = .
    7bd2     7bd2        0     1 __flash_preinit_array$$
    7bd2     7bd2        0     1         __preinit_array_start = .
    7bd2     7bd2        0     1         __preinit_array_end = .
    7bd2     7bd2        0     1 __flash_init_array$$
    7bd2     7bd2        0     1         __init_array_start = .
    7bd2     7bd2        0     1         __init_array_end = .
    7bd2     7bd2        0     1 __flash_fini_array$$
    7bd2     7bd2        0     1         __fini_array_start = .
[...]
                                                  D:/LTHTN/e2Studio/Workspace1/btl4/ra/fsp/lib/rm_zmod4xxx/cm33_llvm/lib_iaq_2nd_gen.a(iaq_2nd_gen.o)
calc_rel_iaq_internal                             D:/LTHTN/e2Studio/Workspace1/btl4/ra/fsp/lib/rm_zmod4xxx/cm33_llvm/lib_iaq_2nd_gen.a(iaq_2nd_gen.o)
sqrtf                                             C:\Renesas\RA\e2studio_v2025-04.1_fsp_v6.0.0\toolchains\llvm_arm\LLVM-ET-Arm-18.1.3-Windows-x86_64\bin\..\lib\clang-runtimes/arm-none-eabi/armv8m.main_hard_fp_exn_rtti\lib\libc.a(libm_machine_arm_sf_sqrt.c.o)
                                                  D:/LTHTN/e2Studio/Workspace1/btl4/ra/fsp/lib/rm_zmod4xxx/cm33_llvm/lib_iaq_2nd_gen.a(iaq_2nd_gen.o)
nnet_funcs_dotbias                                D:/LTHTN/e2Studio/Workspace1/btl4/ra/fsp/lib/rm_zmod4xxx/cm33_llvm/lib_iaq_2nd_gen.a(nnet_funcs.o)
                                                  D:/LTHTN/e2Studio/Workspace1/btl4/ra/fsp/lib/rm_zmod4xxx/cm33_llvm/lib_iaq_2nd_gen.a(iaq_2nd_gen_RH_nnet.o)
                                                  D:/LTHTN/e2Studio/Workspace1/btl4/ra/fsp/lib/rm_zmod4xxx/cm33_llvm/lib_iaq_2nd_gen.a(iaq_2nd_gen_T_nnet.o)
                                                  D:/LTHTN/e2Studio/Workspace1/btl4/ra/fsp/lib/rm_zmod4xxx/cm33_llvm/lib_iaq_2nd_gen.a(iaq_2nd_gen_V6_nnet.o)
                                                  D:/LTHTN/e2Studio/Workspace1/btl4/ra/fsp/lib/rm_zmod4xxx/cm33_llvm/lib_iaq_2nd_gen.a(iaq_2nd_gen_nnet.o)
nnet_funcs_tanh                                   D:/LTHTN/e2Studio/Workspace1/btl4/ra/fsp/lib/rm_zmod4xxx/cm33_llvm/lib_iaq_2nd_gen.a(nnet_funcs.o)
                                                  D:/LTHTN/e2Studio/Workspace1/btl4/ra/fsp/lib/rm_zmod4xxx/cm33_llvm/lib_iaq_2nd_gen.a(iaq_2nd_gen_RH_nnet.o)
                                                  D:/LTHTN/e2Studio/Workspace1/btl4/ra/fsp/lib/rm_zmod4xxx/cm33_llvm/lib_iaq_2nd_gen.a(iaq_2nd_gen_V6_nnet.o)
                                                  D:/LTHTN/e2Studio/Workspace1/btl4/ra/fsp/lib/rm_zmod4xxx/cm33_llvm/lib_iaq_2nd_gen.a(iaq_2nd_gen_nnet.o)
nnet_funcs_relu                                   D:/LTHTN/e2Studio/Workspace1/btl4/ra/fsp/lib/rm_zmod4xxx/cm33_llvm/lib_iaq_2nd_gen.a(nnet_funcs.o)
                                                  D:/LTHTN/e2Studio/Workspace1/btl4/ra/fsp/lib/rm_zmod4xxx/cm33_llvm/lib_iaq_2nd_gen.a(iaq_2nd_gen_T_nnet.o)
exp                                               C:\Renesas\RA\e2studio_v2025-04.1_fsp_v6.0.0\toolchains\llvm_arm\LLVM-ET-Arm-18.1.3-Windows-x86_64\bin\..\lib\clang-runtimes/arm-none-eabi/armv8m.main_hard_fp_exn_rtti\lib\libc.a(libm_math_s_exp.c.o)
                                                  D:/LTHTN/e2Studio/Workspace1/btl4/ra/fsp/lib/rm_zmod4xxx/cm33_llvm/lib_iaq_2nd_gen.a(nnet_funcs.o)
__aeabi_memcpy                                    C:\Renesas\RA\e2studio_v2025-04.1_fsp_v6.0.0\toolchains\llvm_arm\LLVM-ET-Arm-18.1.3-Windows-x86_64\bin\..\lib\clang-runtimes/arm-none-eabi/armv8m.main_hard_fp_exn_rtti\lib\libc.a(memcpy.c.o)
                                                  C:\Renesas\RA\e2studio_v2025-04.1_fsp_v6.0.0\toolchains\llvm_arm\LLVM-ET-Arm-18.1.3-Windows-x86_64\bin\..\lib\clang-runtimes/arm-none-eabi/armv8m.main_hard_fp_exn_rtti\lib\libc.a(libc_picolib_inittls.c.o)
__aeabi_memclr                                    C:\Renesas\RA\e2studio_v2025-04.1_fsp_v6.0.0\toolchains\llvm_arm\LLVM-ET-Arm-18.1.3-Windows-x86_64\bin\..\lib\clang-runtimes/arm-none-eabi/armv8m.main_hard_fp_exn_rtti\lib\libc.a(bzero.c.o)
                                                  C:\Renesas\RA\e2studio_v2025-04.1_fsp_v6.0.0\toolchains\llvm_arm\LLVM-ET-Arm-18.1.3-Windows-x86_64\bin\..\lib\clang-runtimes/arm-none-eabi/armv8m.main_hard_fp_exn_rtti\lib\libc.a(libc_picolib_inittls.c.o)
__tdata_source                                    fsp_gen.lld:691
                                                  C:\Renesas\RA\e2studio_v2025-04.1_fsp_v6.0.0\toolchains\llvm_arm\LLVM-ET-Arm-18.1.3-Windows-x86_64\bin\..\lib\clang-runtimes/arm-none-eabi/armv8m.main_hard_fp_exn_rtti\lib\libc.a(libc_picolib_inittls.c.o)
__tdata_size                                      fsp_gen.lld:692
                                                  C:\Renesas\RA\e2studio_v2025-04.1_fsp_v6.0.0\toolchains\llvm_arm\LLVM-ET-Arm-18.1.3-Windows-x86_64\bin\..\lib\clang-runtimes/arm-none-eabi/armv8m.main_hard_fp_exn_rtti\lib\libc.a(libc_picolib_inittls.c.o)
__tbss_offset                                     fsp_gen.lld:693
                                                  C:\Renesas\RA\e2studio_v2025-04.1_fsp_v6.0.0\toolchains\llvm_arm\LLVM-ET-Arm-18.1.3-Windows-x86_64\bin\..\lib\clang-runtimes/arm-none-eabi/armv8m.main_hard_fp_exn_rtti\lib\libc.a(libc_picolib_inittls.c.o)
__tbss_size                                       fsp_gen.lld:694
                                                  C:\Renesas\RA\e2studio_v2025-04.1_fsp_v6.0.0\toolchains\llvm_arm\LLVM-ET-Arm-18.1.3-Windows-x86_64\bin\..\lib\clang-runtimes/arm-none-eabi/armv8m.main_hard_fp_exn_rtti\lib\libc.a(libc_picolib_inittls.c.o)
__arm32_tls_tcb_offset                            fsp_gen.lld:695
                                                  C:\Renesas\RA\e2studio_v2025-04.1_fsp_v6.0.0\toolchains\llvm_arm\LLVM-ET-Arm-18.1.3-Windows-x86_64\bin\..\lib\clang-runtimes/arm-none-eabi/armv8m.main_hard_fp_exn_rtti\lib\libc.a(libc_picolib_machine_arm_tls.c.o)
__tls                                             C:\Renesas\RA\e2studio_v2025-04.1_fsp_v6.0.0\toolchains\llvm_arm\LLVM-ET-Arm-18.1.3-Windows-x86_64\bin\..\lib\clang-runtimes/arm-none-eabi/armv8m.main_hard_fp_exn_rtti\lib\libc.a(libc_picolib_machine_arm_read_tp.S.o)
                                                  C:\Renesas\RA\e2studio_v2025-04.1_fsp_v6.0.0\toolchains\llvm_arm\LLVM-ET-Arm-18.1.3-Windows-x86_64\bin\..\lib\clang-runtimes/arm-none-eabi/armv8m.main_hard_fp_exn_rtti\lib\libc.a(libc_picolib_machine_arm_tls.c.o)
vfprintf                                          C:\Renesas\RA\e2studio_v2025-04.1_fsp_v6.0.0\toolchains\llvm_arm\LLVM-ET-Arm-18.1.3-Windows-x86_64\bin\..\lib\clang-runtimes/arm-none-eabi/armv8m.main_hard_fp_exn_rtti\lib\libc.a(libc_tinystdio_vfprintf.c.o)
                                                  C:\Renesas\RA\e2studio_v2025-04.1_fsp_v6.0.0\toolchains\llvm_arm\LLVM-ET-Arm-18.1.3-Windows-x86_64\bin\..\lib\clang-runtimes/arm-none-eabi/armv8m.main_hard_fp_exn_rtti\lib\libc.a(libc_tinystdio_sprintf.c.o)
__file_str_put                                    C:\Renesas\RA\e2studio_v2025-04.1_fsp_v6.0.0\toolchains\llvm_arm\LLVM-ET-Arm-18.1.3-Windows-x86_64\bin\..\lib\clang-runtimes/arm-none-eabi/armv8m.main_hard_fp_exn_rtti\lib\libc.a(libc_tinystdio_filestrput.c.o)
                                                  C:\Renesas\RA\e2studio_v2025-04.1_fsp_v6.0.0\toolchains\llvm_arm\LLVM-ET-Arm-18.1.3-Windows-x86_64\bin\..\lib\clang-runtimes/arm-none-eabi/armv8m.main_hard_fp_exn_rtti\lib\libc.a(libc_tinystdio_sprintf.c.o)
__dtox_engine                                     C:\Renesas\RA\e2studio_v2025-04.1_fsp_v6.0.0\toolchains\llvm_arm\LLVM-ET-Arm-18.1.3-Windows-x86_64\bin\..\lib\clang-runtimes/arm-none-eabi/armv8m.main_hard_fp_exn_rtti\lib\libc.a(libc_tinystdio_dtox_engine.c.o)
                                                  C:\Renesas\RA\e2studio_v2025-04.1_fsp_v6.0.0\toolchains\llvm_arm\LLVM-ET-Arm-18.1.3-Windows-x86_64\bin\..\lib\clang-runtimes/arm-none-eabi/armv8m.main_hard_fp_exn_rtti\lib\libc.a(libc_tinystdio_vfprintf.c.o)
__dtoa_engine                                     C:\Renesas\RA\e2studio_v2025-04.1_fsp_v6.0.0\toolchains\llvm_arm\LLVM-ET-Arm-18.1.3-Windows-x86_64\bin\..\lib\clang-runtimes/arm-none-eabi/armv8m.main_hard_fp_exn_rtti\lib\libc.a(libc_tinystdio_dtoa_ryu.c.o)
                                                  C:\Renesas\RA\e2studio_v2025-04.1_fsp_v6.0.0\toolchains\llvm_arm\LLVM-ET-Arm-18.1.3-Windows-x86_64\bin\..\lib\clang-runtimes/arm-none-eabi/armv8m.main_hard_fp_exn_rtti\lib\libc.a(libc_tinystdio_vfprintf.c.o)
strnlen                                           C:\Renesas\RA\e2studio_v2025-04.1_fsp_v6.0.0\toolchains\llvm_arm\LLVM-ET-Arm-18.1.3-Windows-x86_64\bin\..\lib\clang-runtimes/arm-none-eabi/armv8m.main_hard_fp_exn_rtti\lib\libc.a(libc_string_strnlen.c.o)
                                                  C:\Renesas\RA\e2studio_v2025-04.1_fsp_v6.0.0\toolchains\llvm_arm\LLVM-ET-Arm-18.1.3-Windows-x86_64\bin\..\lib\clang-runtimes/arm-none-eabi/armv8m.main_hard_fp_exn_rtti\lib\libc.a(libc_tinystdio_vfprintf.c.o)
__d_vfprintf                                      C:\Renesas\RA\e2studio_v2025-04.1_fsp_v6.0.0\toolchains\llvm_arm\LLVM-ET-Arm-18.1.3-Windows-x86_64\bin\..\lib\clang-runtimes/arm-none-eabi/armv8m.main_hard_fp_exn_rtti\lib\libc.a(libc_tinystdio_vfprintf.c.o)
__log10Pow2                                       C:\Renesas\RA\e2studio_v2025-04.1_fsp_v6.0.0\toolchains\llvm_arm\LLVM-ET-Arm-18.1.3-Windows-x86_64\bin\..\lib\clang-runtimes/arm-none-eabi/armv8m.main_hard_fp_exn_rtti\lib\libc.a(libc_tinystdio_ryu_log10.c.o)
                                                  C:\Renesas\RA\e2studio_v2025-04.1_fsp_v6.0.0\toolchains\llvm_arm\LLVM-ET-Arm-18.1.3-Windows-x86_64\bin\..\lib\clang-runtimes/arm-none-eabi/armv8m.main_hard_fp_exn_rtti\lib\libc.a(libc_tinystdio_dtoa_ryu.c.o)
__pow5bits                                        C:\Renesas\RA\e2studio_v2025-04.1_fsp_v6.0.0\toolchains\llvm_arm\LLVM-ET-Arm-18.1.3-Windows-x86_64\bin\..\lib\clang-runtimes/arm-none-eabi/armv8m.main_hard_fp_exn_rtti\lib\libc.a(libc_tinystdio_ryu_pow5bits.c.o)
                                                  C:\Renesas\RA\e2studio_v2025-04.1_fsp_v6.0.0\toolchains\llvm_arm\LLVM-ET-Arm-18.1.3-Windows-x86_64\bin\..\lib\clang-runtimes/arm-none-eabi/armv8m.main_hard_fp_exn_rtti\lib\libc.a(libc_tinystdio_dtoa_ryu.c.o)
                                                  C:\Renesas\RA\e2studio_v2025-04.1_fsp_v6.0.0\toolchains\llvm_arm\LLVM-ET-Arm-18.1.3-Windows-x86_64\bin\..\lib\clang-runtimes/arm-none-eabi/armv8m.main_hard_fp_exn_rtti\lib\libc.a(libc_tinystdio_ryu_table.c.o)
__double_computeInvPow5                           C:\Renesas\RA\e2studio_v2025-04.1_fsp_v6.0.0\toolchains\llvm_arm\LLVM-ET-Arm-18.1.3-Windows-x86_64\bin\..\lib\clang-runtimes/arm-none-eabi/armv8m.main_hard_fp_exn_rtti\lib\libc.a(libc_tinystdio_ryu_table.c.o)
                                                  C:\Renesas\RA\e2studio_v2025-04.1_fsp_v6.0.0\toolchains\llvm_arm\LLVM-ET-Arm-18.1.3-Windows-x86_64\bin\..\lib\clang-runtimes/arm-none-eabi/armv8m.main_hard_fp_exn_rtti\lib\libc.a(libc_tinystdio_dtoa_ryu.c.o)
__pow5Factor                                      C:\Renesas\RA\e2studio_v2025-04.1_fsp_v6.0.0\toolchains\llvm_arm\LLVM-ET-Arm-18.1.3-Windows-x86_64\bin\..\lib\clang-runtimes/arm-none-eabi/armv8m.main_hard_fp_exn_rtti\lib\libc.a(libc_tinystdio_ryu_table.c.o)
                                                  C:\Renesas\RA\e2studio_v2025-04.1_fsp_v6.0.0\toolchains\llvm_arm\LLVM-ET-Arm-18.1.3-Windows-x86_64\bin\..\lib\clang-runtimes/arm-none-eabi/armv8m.main_hard_fp_exn_rtti\lib\libc.a(libc_tinystdio_dtoa_ryu.c.o)
__log10Pow5                                       C:\Renesas\RA\e2studio_v2025-04.1_fsp_v6.0.0\toolchains\llvm_arm\LLVM-ET-Arm-18.1.3-Windows-x86_64\bin\..\lib\clang-runtimes/arm-none-eabi/armv8m.main_hard_fp_exn_rtti\lib\libc.a(libc_tinystdio_ryu_log10.c.o)
                                                  C:\Renesas\RA\e2studio_v2025-04.1_fsp_v6.0.0\toolchains\llvm_arm\LLVM-ET-Arm-18.1.3-Windows-x86_64\bin\..\lib\clang-runtimes/arm-none-eabi/armv8m.main_hard_fp_exn_rtti\lib\libc.a(libc_tinystdio_dtoa_ryu.c.o)
__double_computePow5                              C:\Renesas\RA\e2studio_v2025-04.1_fsp_v6.0.0\toolchains\llvm_arm\LLVM-ET-Arm-18.1.3-Windows-x86_64\bin\..\lib\clang-runtimes/arm-none-eabi/armv8m.main_hard_fp_exn_rtti\lib\libc.a(libc_tinystdio_ryu_table.c.o)
                                                  C:\Renesas\RA\e2studio_v2025-04.1_fsp_v6.0.0\toolchains\llvm_arm\LLVM-ET-Arm-18.1.3-Windows-x86_64\bin\..\lib\clang-runtimes/arm-none-eabi/armv8m.main_hard_fp_exn_rtti\lib\libc.a(libc_tinystdio_dtoa_ryu.c.o)
__umul128                                         C:\Renesas\RA\e2studio_v2025-04.1_fsp_v6.0.0\toolchains\llvm_arm\LLVM-ET-Arm-18.1.3-Windows-x86_64\bin\..\lib\clang-runtimes/arm-none-eabi/armv8m.main_hard_fp_exn_rtti\lib\libc.a(libc_tinystdio_ryu_umul128.c.o)
                                                  C:\Renesas\RA\e2studio_v2025-04.1_fsp_v6.0.0\toolchains\llvm_arm\LLVM-ET-Arm-18.1.3-Windows-x86_64\bin\..\lib\clang-runtimes/arm-none-eabi/armv8m.main_hard_fp_exn_rtti\lib\libc.a(libc_tinystdio_dtoa_ryu.c.o)
                                                  C:\Renesas\RA\e2studio_v2025-04.1_fsp_v6.0.0\toolchains\llvm_arm\LLVM-ET-Arm-18.1.3-Windows-x86_64\bin\..\lib\clang-runtimes/arm-none-eabi/armv8m.main_hard_fp_exn_rtti\lib\libc.a(libc_tinystdio_ryu_table.c.o)
__shiftright128                                   C:\Renesas\RA\e2studio_v2025-04.1_fsp_v6.0.0\toolchains\llvm_arm\LLVM-ET-Arm-18.1.3-Windows-x86_64\bin\..\lib\clang-runtimes/arm-none-eabi/armv8m.main_hard_fp_exn_rtti\lib\libc.a(libc_tinystdio_ryu_umul128.c.o)
                                                  C:\Renesas\RA\e2studio_v2025-04.1_fsp_v6.0.0\toolchains\llvm_arm\LLVM-ET-Arm-18.1.3-Windows-x86_64\bin\..\lib\clang-runtimes/arm-none-eabi/armv8m.main_hard_fp_exn_rtti\lib\libc.a(libc_tinystdio_dtoa_ryu.c.o)
                                                  C:\Renesas\RA\e2studio_v2025-04.1_fsp_v6.0.0\toolchains\llvm_arm\LLVM-ET-Arm-18.1.3-Windows-x86_64\bin\..\lib\clang-runtimes/arm-none-eabi/armv8m.main_hard_fp_exn_rtti\lib\libc.a(libc_tinystdio_ryu_table.c.o)
expl                                              C:\Renesas\RA\e2studio_v2025-04.1_fsp_v6.0.0\toolchains\llvm_arm\LLVM-ET-Arm-18.1.3-Windows-x86_64\bin\..\lib\clang-runtimes/arm-none-eabi/armv8m.main_hard_fp_exn_rtti\lib\libc.a(libm_math_s_exp.c.o)
log                                               C:\Renesas\RA\e2studio_v2025-04.1_fsp_v6.0.0\toolchains\llvm_arm\LLVM-ET-Arm-18.1.3-Windows-x86_64\bin\..\lib\clang-runtimes/arm-none-eabi/armv8m.main_hard_fp_exn_rtti\lib\libc.a(libm_math_s_log.c.o)
                                                  C:\Renesas\RA\e2studio_v2025-04.1_fsp_v6.0.0\toolchains\llvm_arm\LLVM-ET-Arm-18.1.3-Windows-x86_64\bin\..\lib\clang-runtimes/arm-none-eabi/armv8m.main_hard_fp_exn_rtti\lib\libc.a(libm_math_s_log10.c.o)
log10l                                            C:\Renesas\RA\e2studio_v2025-04.1_fsp_v6.0.0\toolchains\llvm_arm\LLVM-ET-Arm-18.1.3-Windows-x86_64\bin\..\lib\clang-runtimes/arm-none-eabi/armv8m.main_hard_fp_exn_rtti\lib\libc.a(libm_math_s_log10.c.o)
logl                                              C:\Renesas\RA\e2studio_v2025-04.1_fsp_v6.0.0\toolchains\llvm_arm\LLVM-ET-Arm-18.1.3-Windows-x86_64\bin\..\lib\clang-runtimes/arm-none-eabi/armv8m.main_hard_fp_exn_rtti\lib\libc.a(libm_math_s_log.c.o)
scalbn                                            C:\Renesas\RA\e2studio_v2025-04.1_fsp_v6.0.0\toolchains\llvm_arm\LLVM-ET-Arm-18.1.3-Windows-x86_64\bin\..\lib\clang-runtimes/arm-none-eabi/armv8m.main_hard_fp_exn_rtti\lib\libc.a(libm_common_s_scalbn.c.o)
                                                  C:\Renesas\RA\e2studio_v2025-04.1_fsp_v6.0.0\toolchains\llvm_arm\LLVM-ET-Arm-18.1.3-Windows-x86_64\bin\..\lib\clang-runtimes/arm-none-eabi/armv8m.main_hard_fp_exn_rtti\lib\libc.a(libm_math_s_pow.c.o)
sqrt                                              C:\Renesas\RA\e2studio_v2025-04.1_fsp_v6.0.0\toolchains\llvm_arm\LLVM-ET-Arm-18.1.3-Windows-x86_64\bin\..\lib\clang-runtimes/arm-none-eabi/armv8m.main_hard_fp_exn_rtti\lib\libc.a(libm_machine_arm_s_sqrt.c.o)
                                                  C:\Renesas\RA\e2studio_v2025-04.1_fsp_v6.0.0\toolchains\llvm_arm\LLVM-ET-Arm-18.1.3-Windows-x86_64\bin\..\lib\clang-runtimes/arm-none-eabi/armv8m.main_hard_fp_exn_rtti\lib\libc.a(libm_math_s_pow.c.o)
_pow                                              C:\Renesas\RA\e2studio_v2025-04.1_fsp_v6.0.0\toolchains\llvm_arm\LLVM-ET-Arm-18.1.3-Windows-x86_64\bin\..\lib\clang-runtimes/arm-none-eabi/armv8m.main_hard_fp_exn_rtti\lib\libc.a(libm_math_s_pow.c.o)
powl                                              C:\Renesas\RA\e2studio_v2025-04.1_fsp_v6.0.0\toolchains\llvm_arm\LLVM-ET-Arm-18.1.3-Windows-x86_64\bin\..\lib\clang-runtimes/arm-none-eabi/armv8m.main_hard_fp_exn_rtti\lib\libc.a(libm_math_s_pow.c.o)
__fpclassifyd                                     C:\Renesas\RA\e2studio_v2025-04.1_fsp_v6.0.0\toolchains\llvm_arm\LLVM-ET-Arm-18.1.3-Windows-x86_64\bin\..\lib\clang-runtimes/arm-none-eabi/armv8m.main_hard_fp_exn_rtti\lib\libc.a(libm_common_s_fpclassify.c.o)
                                                  C:\Renesas\RA\e2studio_v2025-04.1_fsp_v6.0.0\toolchains\llvm_arm\LLVM-ET-Arm-18.1.3-Windows-x86_64\bin\..\lib\clang-runtimes/arm-none-eabi/armv8m.main_hard_fp_exn_rtti\lib\libc.a(libm_machine_arm_s_sqrt.c.o)
                                                  C:\Renesas\RA\e2studio_v2025-04.1_fsp_v6.0.0\toolchains\llvm_arm\LLVM-ET-Arm-18.1.3-Windows-x86_64\bin\..\lib\clang-runtimes/arm-none-eabi/armv8m.main_hard_fp_exn_rtti\lib\libc.a(libm_common_math_err_invalid.c.o)
sqrtl                                             C:\Renesas\RA\e2studio_v2025-04.1_fsp_v6.0.0\toolchains\llvm_arm\LLVM-ET-Arm-18.1.3-Windows-x86_64\bin\..\lib\clang-runtimes/arm-none-eabi/armv8m.main_hard_fp_exn_rtti\lib\libc.a(libm_machine_arm_s_sqrt.c.o)
ldexp                                             C:\Renesas\RA\e2studio_v2025-04.1_fsp_v6.0.0\toolchains\llvm_arm\LLVM-ET-Arm-18.1.3-Windows-x86_64\bin\..\lib\clang-runtimes/arm-none-eabi/armv8m.main_hard_fp_exn_rtti\lib\libc.a(libm_common_s_scalbn.c.o)
scalbnl                                           C:\Renesas\RA\e2studio_v2025-04.1_fsp_v6.0.0\toolchains\llvm_arm\LLVM-ET-Arm-18.1.3-Windows-x86_64\bin\..\lib\clang-runtimes/arm-none-eabi/armv8m.main_hard_fp_exn_rtti\lib\libc.a(libm_common_s_scalbn.c.o)
ldexpl                                            C:\Renesas\RA\e2studio_v2025-04.1_fsp_v6.0.0\toolchains\llvm_arm\LLVM-ET-Arm-18.1.3-Windows-x86_64\bin\..\lib\clang-runtimes/arm-none-eabi/armv8m.main_hard_fp_exn_rtti\lib\libc.a(libm_common_s_scalbn.c.o)
__fpclassifyl                                     C:\Renesas\RA\e2studio_v2025-04.1_fsp_v6.0.0\toolchains\llvm_arm\LLVM-ET-Arm-18.1.3-Windows-x86_64\bin\..\lib\clang-runtimes/arm-none-eabi/armv8m.main_hard_fp_exn_rtti\lib\libc.a(libm_common_s_fpclassify.c.o)
bzero                                             C:\Renesas\RA\e2studio_v2025-04.1_fsp_v6.0.0\toolchains\llvm_arm\LLVM-ET-Arm-18.1.3-Windows-x86_64\bin\..\lib\clang-runtimes/arm-none-eabi/armv8m.main_hard_fp_exn_rtti\lib\libc.a(bzero.c.o)
memset                                            C:\Renesas\RA\e2studio_v2025-04.1_fsp_v6.0.0\toolchains\llvm_arm\LLVM-ET-Arm-18.1.3-Windows-x86_64\bin\..\lib\clang-runtimes/arm-none-eabi/armv8m.main_hard_fp_exn_rtti\lib\libc.a(memset.c.o)
                                                  C:\Renesas\RA\e2studio_v2025-04.1_fsp_v6.0.0\toolchains\llvm_arm\LLVM-ET-Arm-18.1.3-Windows-x86_64\bin\..\lib\clang-runtimes/arm-none-eabi/armv8m.main_hard_fp_exn_rtti\lib\libc.a(bzero.c.o)
__aeabi_memclr8                                   C:\Renesas\RA\e2studio_v2025-04.1_fsp_v6.0.0\toolchains\llvm_arm\LLVM-ET-Arm-18.1.3-Windows-x86_64\bin\..\lib\clang-runtimes/arm-none-eabi/armv8m.main_hard_fp_exn_rtti\lib\libc.a(bzero.c.o)
memcpy                                            C:\Renesas\RA\e2studio_v2025-04.1_fsp_v6.0.0\toolchains\llvm_arm\LLVM-ET-Arm-18.1.3-Windows-x86_64\bin\..\lib\clang-runtimes/arm-none-eabi/armv8m.main_hard_fp_exn_rtti\lib\libc.a(memcpy.c.o)
__aeabi_memcpy8                                   C:\Renesas\RA\e2studio_v2025-04.1_fsp_v6.0.0\toolchains\llvm_arm\LLVM-ET-Arm-18.1.3-Windows-x86_64\bin\..\lib\clang-runtimes/arm-none-eabi/armv8m.main_hard_fp_exn_rtti\lib\libc.a(memcpy.c.o)
